Archive member included to satisfy reference by file (symbol)

c:/program files (x86)/arm gnu toolchain arm-none-eabi/12.2 rel1/bin/../lib/gcc/arm-none-eabi/12.2.1/thumb/v6-m/nofp\libc_nano.a(libc_a-exit.o)
                              c:/program files (x86)/arm gnu toolchain arm-none-eabi/12.2 rel1/bin/../lib/gcc/arm-none-eabi/12.2.1/thumb/v6-m/nofp/crt0.o (exit)
c:/program files (x86)/arm gnu toolchain arm-none-eabi/12.2 rel1/bin/../lib/gcc/arm-none-eabi/12.2.1/thumb/v6-m/nofp\libc_nano.a(libc_a-findfp.o)
                              c:/program files (x86)/arm gnu toolchain arm-none-eabi/12.2 rel1/bin/../lib/gcc/arm-none-eabi/12.2.1/thumb/v6-m/nofp\libc_nano.a(libc_a-exit.o) (__stdio_exit_handler)
c:/program files (x86)/arm gnu toolchain arm-none-eabi/12.2 rel1/bin/../lib/gcc/arm-none-eabi/12.2.1/thumb/v6-m/nofp\libc_nano.a(libc_a-fwalk.o)
                              c:/program files (x86)/arm gnu toolchain arm-none-eabi/12.2 rel1/bin/../lib/gcc/arm-none-eabi/12.2.1/thumb/v6-m/nofp\libc_nano.a(libc_a-findfp.o) (_fwalk_sglue)
c:/program files (x86)/arm gnu toolchain arm-none-eabi/12.2 rel1/bin/../lib/gcc/arm-none-eabi/12.2.1/thumb/v6-m/nofp\libc_nano.a(libc_a-stdio.o)
                              c:/program files (x86)/arm gnu toolchain arm-none-eabi/12.2 rel1/bin/../lib/gcc/arm-none-eabi/12.2.1/thumb/v6-m/nofp\libc_nano.a(libc_a-findfp.o) (__sread)
c:/program files (x86)/arm gnu toolchain arm-none-eabi/12.2 rel1/bin/../lib/gcc/arm-none-eabi/12.2.1/thumb/v6-m/nofp\libc_nano.a(libc_a-memset.o)
                              c:/program files (x86)/arm gnu toolchain arm-none-eabi/12.2 rel1/bin/../lib/gcc/arm-none-eabi/12.2.1/thumb/v6-m/nofp/crt0.o (memset)
c:/program files (x86)/arm gnu toolchain arm-none-eabi/12.2 rel1/bin/../lib/gcc/arm-none-eabi/12.2.1/thumb/v6-m/nofp\libc_nano.a(libc_a-closer.o)
                              c:/program files (x86)/arm gnu toolchain arm-none-eabi/12.2 rel1/bin/../lib/gcc/arm-none-eabi/12.2.1/thumb/v6-m/nofp\libc_nano.a(libc_a-stdio.o) (_close_r)
c:/program files (x86)/arm gnu toolchain arm-none-eabi/12.2 rel1/bin/../lib/gcc/arm-none-eabi/12.2.1/thumb/v6-m/nofp\libc_nano.a(libc_a-reent.o)
                              c:/program files (x86)/arm gnu toolchain arm-none-eabi/12.2 rel1/bin/../lib/gcc/arm-none-eabi/12.2.1/thumb/v6-m/nofp\libc_nano.a(libc_a-closer.o) (errno)
c:/program files (x86)/arm gnu toolchain arm-none-eabi/12.2 rel1/bin/../lib/gcc/arm-none-eabi/12.2.1/thumb/v6-m/nofp\libc_nano.a(libc_a-impure.o)
                              c:/program files (x86)/arm gnu toolchain arm-none-eabi/12.2 rel1/bin/../lib/gcc/arm-none-eabi/12.2.1/thumb/v6-m/nofp\libc_nano.a(libc_a-reent.o) (_impure_ptr)
c:/program files (x86)/arm gnu toolchain arm-none-eabi/12.2 rel1/bin/../lib/gcc/arm-none-eabi/12.2.1/thumb/v6-m/nofp\libc_nano.a(libc_a-lseekr.o)
                              c:/program files (x86)/arm gnu toolchain arm-none-eabi/12.2 rel1/bin/../lib/gcc/arm-none-eabi/12.2.1/thumb/v6-m/nofp\libc_nano.a(libc_a-stdio.o) (_lseek_r)
c:/program files (x86)/arm gnu toolchain arm-none-eabi/12.2 rel1/bin/../lib/gcc/arm-none-eabi/12.2.1/thumb/v6-m/nofp\libc_nano.a(libc_a-readr.o)
                              c:/program files (x86)/arm gnu toolchain arm-none-eabi/12.2 rel1/bin/../lib/gcc/arm-none-eabi/12.2.1/thumb/v6-m/nofp\libc_nano.a(libc_a-stdio.o) (_read_r)
c:/program files (x86)/arm gnu toolchain arm-none-eabi/12.2 rel1/bin/../lib/gcc/arm-none-eabi/12.2.1/thumb/v6-m/nofp\libc_nano.a(libc_a-writer.o)
                              c:/program files (x86)/arm gnu toolchain arm-none-eabi/12.2 rel1/bin/../lib/gcc/arm-none-eabi/12.2.1/thumb/v6-m/nofp\libc_nano.a(libc_a-stdio.o) (_write_r)
c:/program files (x86)/arm gnu toolchain arm-none-eabi/12.2 rel1/bin/../lib/gcc/arm-none-eabi/12.2.1/thumb/v6-m/nofp\libc_nano.a(libc_a-errno.o)
                              build/sysmem.o (__errno)
c:/program files (x86)/arm gnu toolchain arm-none-eabi/12.2 rel1/bin/../lib/gcc/arm-none-eabi/12.2.1/thumb/v6-m/nofp\libc_nano.a(libc_a-init.o)
                              c:/program files (x86)/arm gnu toolchain arm-none-eabi/12.2 rel1/bin/../lib/gcc/arm-none-eabi/12.2.1/thumb/v6-m/nofp/crt0.o (__libc_init_array)
c:/program files (x86)/arm gnu toolchain arm-none-eabi/12.2 rel1/bin/../lib/gcc/arm-none-eabi/12.2.1/thumb/v6-m/nofp\libc_nano.a(libc_a-lock.o)
                              c:/program files (x86)/arm gnu toolchain arm-none-eabi/12.2 rel1/bin/../lib/gcc/arm-none-eabi/12.2.1/thumb/v6-m/nofp\libc_nano.a(libc_a-findfp.o) (__retarget_lock_init_recursive)
c:/program files (x86)/arm gnu toolchain arm-none-eabi/12.2 rel1/bin/../lib/gcc/arm-none-eabi/12.2.1/thumb/v6-m/nofp\libc_nano.a(libc_a-freer.o)
                              c:/program files (x86)/arm gnu toolchain arm-none-eabi/12.2 rel1/bin/../lib/gcc/arm-none-eabi/12.2.1/thumb/v6-m/nofp\libc_nano.a(libc_a-reent.o) (_free_r)
[...]
Memory Configuration

Name             Origin             Length             Attributes
RAM              0x20000000         0x00008000         xrw
FLASH            0x08000000         0x00040000         xr
*default*        0x00000000         0xffffffff

Linker script and memory map

LOAD c:/program files (x86)/arm gnu toolchain arm-none-eabi/12.2 rel1/bin/../lib/gcc/arm-none-eabi/12.2.1/thumb/v6-m/nofp/crti.o
LOAD c:/program files (x86)/arm gnu toolchain arm-none-eabi/12.2 rel1/bin/../lib/gcc/arm-none-eabi/12.2.1/thumb/v6-m/nofp/crtbegin.o
LOAD c:/program files (x86)/arm gnu toolchain arm-none-eabi/12.2 rel1/bin/../lib/gcc/arm-none-eabi/12.2.1/thumb/v6-m/nofp/crt0.o
LOAD build/main.o
LOAD build/gpio.o
LOAD build/spi.o
LOAD build/tim.o
LOAD build/stm32u0xx_it.o
LOAD build/stm32u0xx_hal_msp.o
LOAD build/stm32u0xx_nucleo.o
LOAD build/stm32u0xx_hal_usart_ex.o
LOAD build/stm32u0xx_hal_cortex.o
LOAD build/stm32u0xx_hal_rcc.o
LOAD build/stm32u0xx_hal_rcc_ex.o
LOAD build/stm32u0xx_hal_flash.o
LOAD build/stm32u0xx_hal_flash_ex.o
LOAD build/stm32u0xx_hal_gpio.o
LOAD build/stm32u0xx_hal_dma.o
LOAD build/stm32u0xx_hal_dma_ex.o
LOAD build/stm32u0xx_hal_pwr.o
LOAD build/stm32u0xx_hal_pwr_ex.o
LOAD build/stm32u0xx_hal.o
LOAD build/stm32u0xx_hal_exti.o
LOAD build/stm32u0xx_hal_spi.o
LOAD build/stm32u0xx_hal_spi_ex.o
LOAD build/stm32u0xx_hal_tim.o
LOAD build/stm32u0xx_hal_tim_ex.o
LOAD build/stm32u0xx_hal_usart.o
LOAD build/stm32u0xx_hal_uart_ex.o
LOAD build/stm32u0xx_hal_uart.o
LOAD build/system_stm32u0xx.o
LOAD build/sysmem.o
LOAD build/syscalls.o
LOAD build/startup_stm32u083xx.o
LOAD c:/program files (x86)/arm gnu toolchain arm-none-eabi/12.2 rel1/bin/../lib/gcc/arm-none-eabi/12.2.1/thumb/v6-m/nofp\libc_nano.a
LOAD c:/program files (x86)/arm gnu toolchain arm-none-eabi/12.2 rel1/bin/../lib/gcc/arm-none-eabi/12.2.1/thumb/v6-m/nofp\libm.a
LOAD c:/program files (x86)/arm gnu toolchain arm-none-eabi/12.2 rel1/bin/../lib/gcc/arm-none-eabi/12.2.1/thumb/v6-m/nofp\libnosys.a
START GROUP
LOAD c:/program files (x86)/arm gnu toolchain arm-none-eabi/12.2 rel1/bin/../lib/gcc/arm-none-eabi/12.2.1/thumb/v6-m/nofp\libgcc.a
LOAD c:/program files (x86)/arm gnu toolchain arm-none-eabi/12.2 rel1/bin/../lib/gcc/arm-none-eabi/12.2.1/thumb/v6-m/nofp\libc_nano.a
END GROUP
START GROUP
LOAD c:/program files (x86)/arm gnu toolchain arm-none-eabi/12.2 rel1/bin/../lib/gcc/arm-none-eabi/12.2.1/thumb/v6-m/nofp\libgcc.a
LOAD c:/program files (x86)/arm gnu toolchain arm-none-eabi/12.2 rel1/bin/../lib/gcc/arm-none-eabi/12.2.1/thumb/v6-m/nofp\libc_nano.a
END GROUP
LOAD c:/program files (x86)/arm gnu toolchain arm-none-eabi/12.2 rel1/bin/../lib/gcc/arm-none-eabi/12.2.1/thumb/v6-m/nofp/crtend.o
LOAD c:/program files (x86)/arm gnu toolchain arm-none-eabi/12.2 rel1/bin/../lib/gcc/arm-none-eabi/12.2.1/thumb/v6-m/nofp/crtn.o
                0x20008000                _estack = (ORIGIN (RAM) + LENGTH (RAM))
                0x00000200                _Min_Heap_Size = 0x200
                0x00000400                _Min_Stack_Size = 0x400

.isr_vector     0x08000000       0xc0
                0x08000000                . = ALIGN (0x4)
 *(.isr_vector)
 .isr_vector    0x08000000       0xc0 build/startup_stm32u083xx.o
                0x08000000                g_pfnVectors
                0x080000c0                . = ALIGN (0x4)

.text           0x080000c0     0x1c08
                0x080000c0                . = ALIGN (0x4)
 *(.text)
 .text          0x080000c0      0x114 c:/program files (x86)/arm gnu toolchain arm-none-eabi/12.2 rel1/bin/../lib/gcc/arm-none-eabi/12.2.1/thumb/v6-m/nofp\libgcc.a(_udivsi3.o)
                0x080000c0                __aeabi_uidiv
                0x080000c0                __udivsi3
                0x080001cc                __aeabi_uidivmod
 .text          0x080001d4        0x4 c:/program files (x86)/arm gnu toolchain arm-none-eabi/12.2 rel1/bin/../lib/gcc/arm-none-eabi/12.2.1/thumb/v6-m/nofp\libgcc.a(_dvmd_tls.o)
                0x080001d4                __aeabi_idiv0
                0x080001d4                __aeabi_ldiv0
 *(.text*)
 .text.deregister_tm_clones
                0x080001d8       0x20 c:/program files (x86)/arm gnu toolchain arm-none-eabi/12.2 rel1/bin/../lib/gcc/arm-none-eabi/12.2.1/thumb/v6-m/nofp/crtbegin.o
 .text.register_tm_clones
                0x080001f8       0x28 c:/program files (x86)/arm gnu toolchain arm-none-eabi/12.2 rel1/bin/../lib/gcc/arm-none-eabi/12.2.1/thumb/v6-m/nofp/crtbegin.o
 .text.__do_global_dtors_aux
                0x08000220       0x2c c:/program files (x86)/arm gnu toolchain arm-none-eabi/12.2 rel1/bin/../lib/gcc/arm-none-eabi/12.2.1/thumb/v6-m/nofp/crtbegin.o
 .text.frame_dummy
                0x0800024c       0x24 c:/program files (x86)/arm gnu toolchain arm-none-eabi/12.2 rel1/bin/../lib/gcc/arm-none-eabi/12.2.1/thumb/v6-m/nofp/crtbegin.o
 .text.Error_Handler
                0x08000270        0x4 build/main.o
                0x08000270                Error_Handler
 .text.SystemClock_Config
                0x08000274       0x60 build/main.o
                0x08000274                SystemClock_Config
 .text.main     0x080002d4       0x54 build/main.o
                0x080002d4                main
 .text.MX_GPIO_Init
                0x08000328      0x16c build/gpio.o
                0x08000328                MX_GPIO_Init
 .text.MX_SPI1_Init
                0x08000494       0x50 build/spi.o
                0x08000494                MX_SPI1_Init
 .text.HAL_SPI_MspInit
                0x080004e4       0x60 build/spi.o
                0x080004e4                HAL_SPI_MspInit
 .text.MX_TIM6_Init
                0x08000544       0x58 build/tim.o
                0x08000544                MX_TIM6_Init
 .text.MX_TIM7_Init
                0x0800059c       0x58 build/tim.o
                0x0800059c                MX_TIM7_Init
 .text.HAL_TIM_Base_MspInit
                0x080005f4       0x6c build/tim.o
                0x080005f4                HAL_TIM_Base_MspInit
 .text.NMI_Handler
                0x08000660        0x2 build/stm32u0xx_it.o
                0x08000660                NMI_Handler
 .text.HardFault_Handler
                0x08000662        0x2 build/stm32u0xx_it.o
                0x08000662                HardFault_Handler
 .text.SVC_Handler
                0x08000664        0x2 build/stm32u0xx_it.o
                0x08000664                SVC_Handler
 .text.PendSV_Handler
                0x08000666        0x2 build/stm32u0xx_it.o
                0x08000666                PendSV_Handler
 .text.SysTick_Handler
                0x08000668        0x8 build/stm32u0xx_it.o
                0x08000668                SysTick_Handler
 .text.EXTI4_15_IRQHandler
                0x08000670       0x12 build/stm32u0xx_it.o
                0x08000670                EXTI4_15_IRQHandler
 *fill*         0x08000682        0x2 
 .text.TIM6_DAC_LPTIM1_IRQHandler
                0x08000684       0x10 build/stm32u0xx_it.o
                0x08000684                TIM6_DAC_LPTIM1_IRQHandler
 .text.TIM7_LPTIM2_IRQHandler
                0x08000694       0x10 build/stm32u0xx_it.o
                0x08000694                TIM7_LPTIM2_IRQHandler
 .text.HAL_MspInit
                0x080006a4       0x30 build/stm32u0xx_hal_msp.o
                0x080006a4                HAL_MspInit
 .text.BSP_LED_Init
                0x080006d4       0x44 build/stm32u0xx_nucleo.o
                0x080006d4                BSP_LED_Init
 .text.__NVIC_SetPriority
                0x08000718       0x60 build/stm32u0xx_hal_cortex.o
 .text.SysTick_Config
                0x08000778       0x38 build/stm32u0xx_hal_cortex.o
 .text.HAL_NVIC_SetPriority
                0x080007b0        0x8 build/stm32u0xx_hal_cortex.o
                0x080007b0                HAL_NVIC_SetPriority
 .text.HAL_NVIC_EnableIRQ
                0x080007b8       0x18 build/stm32u0xx_hal_cortex.o
                0x080007b8                HAL_NVIC_EnableIRQ
 .text.HAL_SYSTICK_Config
                0x080007d0        0x8 build/stm32u0xx_hal_cortex.o
                0x080007d0                HAL_SYSTICK_Config
 .text.RCC_SetFlashLatencyFromMSIRange
                0x080007d8       0x94 build/stm32u0xx_hal_rcc.o
 .text.HAL_RCC_GetSysClockFreq
                0x0800086c       0xd8 build/stm32u0xx_hal_rcc.o
                0x0800086c                HAL_RCC_GetSysClockFreq
 .text.HAL_RCC_OscConfig
                0x08000944      0x600 build/stm32u0xx_hal_rcc.o
                0x08000944                HAL_RCC_OscConfig
 .text.HAL_RCC_ClockConfig
                0x08000f44      0x154 build/stm32u0xx_hal_rcc.o
                0x08000f44                HAL_RCC_ClockConfig
 .text.HAL_GPIO_Init
                0x08001098      0x190 build/stm32u0xx_hal_gpio.o
                0x08001098                HAL_GPIO_Init
 .text.HAL_GPIO_WritePin
                0x08001228        0xc build/stm32u0xx_hal_gpio.o
                0x08001228                HAL_GPIO_WritePin
 .text.HAL_GPIO_TogglePin
                0x08001234       0x10 build/stm32u0xx_hal_gpio.o
                0x08001234                HAL_GPIO_TogglePin
 .text.HAL_GPIO_EXTI_Rising_Callback
                0x08001244        0x2 build/stm32u0xx_hal_gpio.o
                0x08001244                HAL_GPIO_EXTI_Rising_Callback
 .text.HAL_GPIO_EXTI_Falling_Callback
                0x08001246        0x2 build/stm32u0xx_hal_gpio.o
                0x08001246                HAL_GPIO_EXTI_Falling_Callback
 .text.HAL_GPIO_EXTI_IRQHandler
                0x08001248       0x30 build/stm32u0xx_hal_gpio.o
                0x08001248                HAL_GPIO_EXTI_IRQHandler
 .text.HAL_PWREx_ControlVoltageScaling
                0x08001278       0x9c build/stm32u0xx_hal_pwr_ex.o
                0x08001278                HAL_PWREx_ControlVoltageScaling
 .text.HAL_PWREx_GetVoltageRange
                0x08001314       0x10 build/stm32u0xx_hal_pwr_ex.o
                0x08001314                HAL_PWREx_GetVoltageRange
 .text.HAL_InitTick
                0x08001324       0x58 build/stm32u0xx_hal.o
                0x08001324                HAL_InitTick
 .text.HAL_Init
                0x0800137c       0x18 build/stm32u0xx_hal.o
                0x0800137c                HAL_Init
 .text.HAL_IncTick
                0x08001394       0x18 build/stm32u0xx_hal.o
                0x08001394                HAL_IncTick
 .text.HAL_GetTick
                0x080013ac        0xc build/stm32u0xx_hal.o
                0x080013ac                HAL_GetTick
 .text.HAL_Delay
                0x080013b8       0x24 build/stm32u0xx_hal.o
                0x080013b8                HAL_Delay
 .text.SPI_WaitFlagStateUntilTimeout
                0x080013dc       0xe0 build/stm32u0xx_hal_spi.o
 .text.SPI_WaitFifoStateUntilTimeout
                0x080014bc      0x10c build/stm32u0xx_hal_spi.o
 .text.SPI_EndRxTxTransaction
                0x080015c8       0x68 build/stm32u0xx_hal_spi.o
 .text.HAL_SPI_Init
                0x08001630       0xf4 build/stm32u0xx_hal_spi.o
                0x08001630                HAL_SPI_Init
 .text.HAL_SPI_Transmit
                0x08001724      0x1b6 build/stm32u0xx_hal_spi.o
                0x08001724                HAL_SPI_Transmit
 .text.HAL_TIM_PeriodElapsedCallback
                0x080018da        0x2 build/stm32u0xx_hal_tim.o
                0x080018da                HAL_TIM_PeriodElapsedCallback
 .text.HAL_TIM_OC_DelayElapsedCallback
                0x080018dc        0x2 build/stm32u0xx_hal_tim.o
                0x080018dc                HAL_TIM_OC_DelayElapsedCallback
 .text.HAL_TIM_IC_CaptureCallback
                0x080018de        0x2 build/stm32u0xx_hal_tim.o
                0x080018de                HAL_TIM_IC_CaptureCallback
 .text.HAL_TIM_PWM_PulseFinishedCallback
                0x080018e0        0x2 build/stm32u0xx_hal_tim.o
                0x080018e0                HAL_TIM_PWM_PulseFinishedCallback
 .text.HAL_TIM_TriggerCallback
                0x080018e2        0x2 build/stm32u0xx_hal_tim.o
                0x080018e2                HAL_TIM_TriggerCallback
 .text.HAL_TIM_IRQHandler
                0x080018e4      0x160 build/stm32u0xx_hal_tim.o
                0x080018e4                HAL_TIM_IRQHandler
 .text.TIM_Base_SetConfig
                0x08001a44       0x98 build/stm32u0xx_hal_tim.o
                0x08001a44                TIM_Base_SetConfig
 .text.HAL_TIM_Base_Init
                0x08001adc       0x60 build/stm32u0xx_hal_tim.o
                0x08001adc                HAL_TIM_Base_Init
 .text.HAL_TIMEx_MasterConfigSynchronization
                0x08001b3c       0x80 build/stm32u0xx_hal_tim_ex.o
                0x08001b3c                HAL_TIMEx_MasterConfigSynchronization
 .text.HAL_TIMEx_CommutCallback
                0x08001bbc        0x2 build/stm32u0xx_hal_tim_ex.o
                0x08001bbc                HAL_TIMEx_CommutCallback
 .text.HAL_TIMEx_BreakCallback
                0x08001bbe        0x2 build/stm32u0xx_hal_tim_ex.o
                0x08001bbe                HAL_TIMEx_BreakCallback
 .text.HAL_TIMEx_Break2Callback
                0x08001bc0        0x2 build/stm32u0xx_hal_tim_ex.o
                0x08001bc0                HAL_TIMEx_Break2Callback
 *fill*         0x08001bc2        0x2 
 .text.SystemInit
                0x08001bc4       0x40 build/system_stm32u0xx.o
                0x08001bc4                SystemInit
 .text.Reset_Handler
                0x08001c04       0x50 build/startup_stm32u083xx.o
                0x08001c04                Reset_Handler
 .text.Default_Handler
                0x08001c54        0x2 build/startup_stm32u083xx.o
                0x08001c54                WWDG_IWDG_IRQHandler
                0x08001c54                DMA1_Ch4_7_DMA2_Ch1_5_DMAMUX_OVR_IRQHandler
                0x08001c54                TIM1_CC_IRQHandler
                0x08001c54                TSC_IRQHandler
                0x08001c54                USB_DRD_FS_IRQHandler
                0x08001c54                I2C1_IRQHandler
                0x08001c54                RCC_CRS_IRQHandler
                0x08001c54                RTC_TAMP_IRQHandler
                0x08001c54                I2C2_3_4_IRQHandler
                0x08001c54                SPI1_IRQHandler
                0x08001c54                EXTI2_3_IRQHandler
                0x08001c54                USART2_LPUART2_IRQHandler
                0x08001c54                LCD_IRQHandler
                0x08001c54                TIM16_IRQHandler
                0x08001c54                TIM3_IRQHandler
                0x08001c54                DMA1_Channel1_IRQHandler
                0x08001c54                Default_Handler
                0x08001c54                TIM15_LPTIM3_IRQHandler
                0x08001c54                EXTI0_1_IRQHandler
                0x08001c54                SPI2_3_IRQHandler
                0x08001c54                ADC_COMP1_2_IRQHandler
                0x08001c54                PVD_PVM_IRQHandler
                0x08001c54                TIM2_IRQHandler
                0x08001c54                DMA1_Channel2_3_IRQHandler
                0x08001c54                USART4_LPUART3_IRQHandler
                0x08001c54                FLASH_ECC_IRQHandler
                0x08001c54                USART3_LPUART1_IRQHandler
                0x08001c54                USART1_IRQHandler
                0x08001c54                TIM1_BRK_UP_TRG_COM_IRQHandler
                0x08001c54                RNG_CRYP_IRQHandler
 .text.memset   0x08001c56       0x10 c:/program files (x86)/arm gnu toolchain arm-none-eabi/12.2 rel1/bin/../lib/gcc/arm-none-eabi/12.2.1/thumb/v6-m/nofp\libc_nano.a(libc_a-memset.o)
                0x08001c56                memset
 *fill*         0x08001c66        0x2 
 .text.__libc_init_array
                0x08001c68       0x48 c:/program files (x86)/arm gnu toolchain arm-none-eabi/12.2 rel1/bin/../lib/gcc/arm-none-eabi/12.2.1/thumb/v6-m/nofp\libc_nano.a(libc_a-init.o)
                0x08001c68                __libc_init_array
 *(.glue_7)
 .glue_7        0x08001cb0        0x0 linker stubs
 *(.glue_7t)
 .glue_7t       0x08001cb0        0x0 linker stubs
 *(.eh_frame)
 .eh_frame      0x08001cb0        0x0 c:/program files (x86)/arm gnu toolchain arm-none-eabi/12.2 rel1/bin/../lib/gcc/arm-none-eabi/12.2.1/thumb/v6-m/nofp/crtbegin.o
 *(.init)
 .init          0x08001cb0        0x4 c:/program files (x86)/arm gnu toolchain arm-none-eabi/12.2 rel1/bin/../lib/gcc/arm-none-eabi/12.2.1/thumb/v6-m/nofp/crti.o
                0x08001cb0                _init
 .init          0x08001cb4        0x8 c:/program files (x86)/arm gnu toolchain arm-none-eabi/12.2 rel1/bin/../lib/gcc/arm-none-eabi/12.2.1/thumb/v6-m/nofp/crtn.o
 *(.fini)
 .fini          0x08001cbc        0x4 c:/program files (x86)/arm gnu toolchain arm-none-eabi/12.2 rel1/bin/../lib/gcc/arm-none-eabi/12.2.1/thumb/v6-m/nofp/crti.o
                0x08001cbc                _fini
 .fini          0x08001cc0        0x8 c:/program files (x86)/arm gnu toolchain arm-none-eabi/12.2 rel1/bin/../lib/gcc/arm-none-eabi/12.2.1/thumb/v6-m/nofp/crtn.o
                0x08001cc8                . = ALIGN (0x4)
                0x08001cc8                _etext = .

.vfp11_veneer   0x08001cc8        0x0
 .vfp11_veneer  0x08001cc8        0x0 linker stubs

.v4_bx          0x08001cc8        0x0
 .v4_bx         0x08001cc8        0x0 linker stubs

.iplt           0x08001cc8        0x0
 .iplt          0x08001cc8        0x0 c:/program files (x86)/arm gnu toolchain arm-none-eabi/12.2 rel1/bin/../lib/gcc/arm-none-eabi/12.2.1/thumb/v6-m/nofp/crtbegin.o

.rodata         0x08001cc8       0x40
                0x08001cc8                . = ALIGN (0x4)
 *(.rodata)
 *(.rodata*)
 .rodata.MSIRangeTable
                0x08001cc8       0x30 build/system_stm32u0xx.o
                0x08001cc8                MSIRangeTable
 .rodata.AHBPrescTable
                0x08001cf8       0x10 build/system_stm32u0xx.o
                0x08001cf8                AHBPrescTable
                0x08001d08                . = ALIGN (0x4)

.rel.dyn        0x08001d08        0x0
 .rel.iplt      0x08001d08        0x0 c:/program files (x86)/arm gnu toolchain arm-none-eabi/12.2 rel1/bin/../lib/gcc/arm-none-eabi/12.2.1/thumb/v6-m/nofp/crtbegin.o

.ARM.extab
 *(.ARM.extab* .gnu.linkonce.armextab.*)

.ARM            0x08001d08        0x0
                0x08001d08                __exidx_start = .
 *(.ARM.exidx*)
                0x08001d08                __exidx_end = .

.preinit_array  0x08001d08        0x0
                0x08001d08                PROVIDE (__preinit_array_start = .)
 *(.preinit_array*)
                0x08001d08                PROVIDE (__preinit_array_end = .)

.init_array     0x08001d08        0x4
                0x08001d08                PROVIDE (__init_array_start = .)
 *(SORT_BY_NAME(.init_array.*))
 *(.init_array*)
 .init_array    0x08001d08        0x4 c:/program files (x86)/arm gnu toolchain arm-none-eabi/12.2 rel1/bin/../lib/gcc/arm-none-eabi/12.2.1/thumb/v6-m/nofp/crtbegin.o
                0x08001d0c                PROVIDE (__init_array_end = .)

.fini_array     0x08001d0c        0x4
                [!provide]                PROVIDE (__fini_array_start = .)
 *(SORT_BY_NAME(.fini_array.*))
 *(.fini_array*)
 .fini_array    0x08001d0c        0x4 c:/program files (x86)/arm gnu toolchain arm-none-eabi/12.2 rel1/bin/../lib/gcc/arm-none-eabi/12.2.1/thumb/v6-m/nofp/crtbegin.o
                [!provide]                PROVIDE (__fini_array_end = .)
                0x08001d10                _sidata = LOADADDR (.data)

.data           0x20000000        0xc load address 0x08001d10
                0x20000000                . = ALIGN (0x4)
                0x20000000                _sdata = .
 *(.data)
 *(.data*)
 .data.uwTickFreq
                0x20000000        0x4 build/stm32u0xx_hal.o
                0x20000000                uwTickFreq
 .data.uwTickPrio
                0x20000004        0x4 build/stm32u0xx_hal.o
                0x20000004                uwTickPrio
 .data.SystemCoreClock
                0x20000008        0x4 build/system_stm32u0xx.o
                0x20000008                SystemCoreClock
                0x2000000c                . = ALIGN (0x4)
                0x2000000c                _edata = .

.tm_clone_table
                0x2000000c        0x0 load address 0x08001d1c
 .tm_clone_table
                0x2000000c        0x0 c:/program files (x86)/arm gnu toolchain arm-none-eabi/12.2 rel1/bin/../lib/gcc/arm-none-eabi/12.2.1/thumb/v6-m/nofp/crtbegin.o
 .tm_clone_table
                0x2000000c        0x0 c:/program files (x86)/arm gnu toolchain arm-none-eabi/12.2 rel1/bin/../lib/gcc/arm-none-eabi/12.2.1/thumb/v6-m/nofp/crtend.o

.igot.plt       0x2000000c        0x0 load address 0x08001d1c
 .igot.plt      0x2000000c        0x0 c:/program files (x86)/arm gnu toolchain arm-none-eabi/12.2 rel1/bin/../lib/gcc/arm-none-eabi/12.2.1/thumb/v6-m/nofp/crtbegin.o
                0x2000000c                . = ALIGN (0x4)

.bss            0x2000000c      0x11c load address 0x08001d1c
                0x2000000c                _sbss = .
                0x2000000c                __bss_start__ = _sbss
 *(.bss)
 *(.bss*)
 .bss.completed.1
                0x2000000c        0x1 c:/program files (x86)/arm gnu toolchain arm-none-eabi/12.2 rel1/bin/../lib/gcc/arm-none-eabi/12.2.1/thumb/v6-m/nofp/crtbegin.o
 *fill*         0x2000000d        0x3 
 .bss.object.0  0x20000010       0x18 c:/program files (x86)/arm gnu toolchain arm-none-eabi/12.2 rel1/bin/../lib/gcc/arm-none-eabi/12.2.1/thumb/v6-m/nofp/crtbegin.o
 .bss.hspi1     0x20000028       0x64 build/spi.o
                0x20000028                hspi1
 .bss.htim7     0x2000008c       0x4c build/tim.o
                0x2000008c                htim7
 .bss.htim6     0x200000d8       0x4c build/tim.o
                0x200000d8                htim6
 .bss.uwTick    0x20000124        0x4 build/stm32u0xx_hal.o
                0x20000124                uwTick
 *(COMMON)
                0x20000128                . = ALIGN (0x4)
                0x20000128                _ebss = .
                0x20000128                __bss_end__ = _ebss

._user_heap_stack
                0x20000128      0x600 load address 0x08001d1c
                0x20000128                . = ALIGN (0x8)
                [!provide]                PROVIDE (end = .)
                0x20000128                PROVIDE (_end = .)
                0x20000328                . = (. + _Min_Heap_Size)
 *fill*         0x20000128      0x200 
                0x20000728                . = (. + _Min_Stack_Size)
 *fill*         0x20000328      0x400 
                0x20000728                . = ALIGN (0x8)

/DISCARD/
 libc.a(*)
 libm.a(*)
 libgcc.a(*)

.ARM.attributes
                0x00000000       0x28
 *(.ARM.attributes)
 .ARM.attributes
                0x00000000       0x1e c:/program files (x86)/arm gnu toolchain arm-none-eabi/12.2 rel1/bin/../lib/gcc/arm-none-eabi/12.2.1/thumb/v6-m/nofp/crti.o
 .ARM.attributes
                0x0000001e       0x2c c:/program files (x86)/arm gnu toolchain arm-none-eabi/12.2 rel1/bin/../lib/gcc/arm-none-eabi/12.2.1/thumb/v6-m/nofp/crtbegin.o
 .ARM.attributes
                0x0000004a       0x2c build/main.o
 .ARM.attributes
                0x00000076       0x2c build/gpio.o
 .ARM.attributes
                0x000000a2       0x2c build/spi.o
 .ARM.attributes
                0x000000ce       0x2c build/tim.o
 .ARM.attributes
                0x000000fa       0x2c build/stm32u0xx_it.o
 .ARM.attributes
                0x00000126       0x2c build/stm32u0xx_hal_msp.o
 .ARM.attributes
                0x00000152       0x2c build/stm32u0xx_nucleo.o
 .ARM.attributes
                0x0000017e       0x2c build/stm32u0xx_hal_cortex.o
 .ARM.attributes
                0x000001aa       0x2c build/stm32u0xx_hal_rcc.o
 .ARM.attributes
                0x000001d6       0x2c build/stm32u0xx_hal_gpio.o
 .ARM.attributes
                0x00000202       0x2c build/stm32u0xx_hal_pwr_ex.o
 .ARM.attributes
                0x0000022e       0x2c build/stm32u0xx_hal.o
 .ARM.attributes
                0x0000025a       0x2c build/stm32u0xx_hal_spi.o
 .ARM.attributes
                0x00000286       0x2c build/stm32u0xx_hal_tim.o
 .ARM.attributes
                0x000002b2       0x2c build/stm32u0xx_hal_tim_ex.o
 .ARM.attributes
                0x000002de       0x2c build/system_stm32u0xx.o
 .ARM.attributes
                0x0000030a       0x22 build/startup_stm32u083xx.o
 .ARM.attributes
                0x0000032c       0x2c c:/program files (x86)/arm gnu toolchain arm-none-eabi/12.2 rel1/bin/../lib/gcc/arm-none-eabi/12.2.1/thumb/v6-m/nofp\libc_nano.a(libc_a-memset.o)
 .ARM.attributes
                0x00000358       0x2c c:/program files (x86)/arm gnu toolchain arm-none-eabi/12.2 rel1/bin/../lib/gcc/arm-none-eabi/12.2.1/thumb/v6-m/nofp\libc_nano.a(libc_a-init.o)
 .ARM.attributes
                0x00000384       0x1e c:/program files (x86)/arm gnu toolchain arm-none-eabi/12.2 rel1/bin/../lib/gcc/arm-none-eabi/12.2.1/thumb/v6-m/nofp\libgcc.a(_udivsi3.o)
 .ARM.attributes
                0x000003a2       0x1e c:/program files (x86)/arm gnu toolchain arm-none-eabi/12.2 rel1/bin/../lib/gcc/arm-none-eabi/12.2.1/thumb/v6-m/nofp\libgcc.a(_dvmd_tls.o)
 .ARM.attributes
                0x000003c0       0x2c c:/program files (x86)/arm gnu toolchain arm-none-eabi/12.2 rel1/bin/../lib/gcc/arm-none-eabi/12.2.1/thumb/v6-m/nofp/crtend.o
 .ARM.attributes
                0x000003ec       0x1e c:/program files (x86)/arm gnu toolchain arm-none-eabi/12.2 rel1/bin/../lib/gcc/arm-none-eabi/12.2.1/thumb/v6-m/nofp/crtn.o
OUTPUT(build/chess_timer.elf elf32-littlearm)
LOAD linker stubs
LOAD c:/program files (x86)/arm gnu toolchain arm-none-eabi/12.2 rel1/bin/../lib/gcc/arm-none-eabi/12.2.1/thumb/v6-m/nofp\libc.a
LOAD c:/program files (x86)/arm gnu toolchain arm-none-eabi/12.2 rel1/bin/../lib/gcc/arm-none-eabi/12.2.1/thumb/v6-m/nofp\libm.a
LOAD c:/program files (x86)/arm gnu toolchain arm-none-eabi/12.2 rel1/bin/../lib/gcc/arm-none-eabi/12.2.1/thumb/v6-m/nofp\libgcc.a

.debug_info     0x00000000    0x11c9b
 .debug_info    0x00000000      0xda9 build/main.o
 .debug_info    0x00000da9      0x85f build/gpio.o
 .debug_info    0x00001608      0xd38 build/spi.o
 .debug_info    0x00002340      0xf8d build/tim.o
 .debug_info    0x000032cd      0xa0b build/stm32u0xx_it.o
 .debug_info    0x00003cd8      0x396 build/stm32u0xx_hal_msp.o
 .debug_info    0x0000406e      0xec6 build/stm32u0xx_nucleo.o
 .debug_info    0x00004f34      0xb70 build/stm32u0xx_hal_cortex.o
 .debug_info    0x00005aa4     0x119f build/stm32u0xx_hal_rcc.o
 .debug_info    0x00006c43      0x6b4 build/stm32u0xx_hal_gpio.o
 .debug_info    0x000072f7      0xa41 build/stm32u0xx_hal_pwr_ex.o
 .debug_info    0x00007d38      0xcb2 build/stm32u0xx_hal.o
 .debug_info    0x000089ea     0x24c1 build/stm32u0xx_hal_spi.o
 .debug_info    0x0000aeab     0x43fa build/stm32u0xx_hal_tim.o
 .debug_info    0x0000f2a5     0x225c build/stm32u0xx_hal_tim_ex.o
 .debug_info    0x00011501      0x76a build/system_stm32u0xx.o
 .debug_info    0x00011c6b       0x30 build/startup_stm32u083xx.o

.debug_abbrev   0x00000000     0x2585
 .debug_abbrev  0x00000000      0x277 build/main.o
 .debug_abbrev  0x00000277      0x1aa build/gpio.o
 .debug_abbrev  0x00000421      0x218 build/spi.o
 .debug_abbrev  0x00000639      0x223 build/tim.o
 .debug_abbrev  0x0000085c      0x1cc build/stm32u0xx_it.o
 .debug_abbrev  0x00000a28       0xeb build/stm32u0xx_hal_msp.o
 .debug_abbrev  0x00000b13      0x32d build/stm32u0xx_nucleo.o
 .debug_abbrev  0x00000e40      0x32e build/stm32u0xx_hal_cortex.o
 .debug_abbrev  0x0000116e      0x2f5 build/stm32u0xx_hal_rcc.o
 .debug_abbrev  0x00001463      0x239 build/stm32u0xx_hal_gpio.o
 .debug_abbrev  0x0000169c      0x259 build/stm32u0xx_hal_pwr_ex.o
 .debug_abbrev  0x000018f5      0x2c8 build/stm32u0xx_hal.o
 .debug_abbrev  0x00001bbd      0x2d5 build/stm32u0xx_hal_spi.o
 .debug_abbrev  0x00001e92      0x2ce build/stm32u0xx_hal_tim.o
 .debug_abbrev  0x00002160      0x2c3 build/stm32u0xx_hal_tim_ex.o
 .debug_abbrev  0x00002423      0x145 build/system_stm32u0xx.o
 .debug_abbrev  0x00002568       0x1d build/startup_stm32u083xx.o

.debug_loc      0x00000000     0xdda1
 .debug_loc     0x00000000       0x59 build/main.o
 .debug_loc     0x00000059       0x39 build/gpio.o
 .debug_loc     0x00000092       0xed build/spi.o
 .debug_loc     0x0000017f      0x162 build/tim.o
 .debug_loc     0x000002e1       0x80 build/stm32u0xx_it.o
 .debug_loc     0x00000361       0x20 build/stm32u0xx_hal_msp.o
 .debug_loc     0x00000381      0x508 build/stm32u0xx_nucleo.o
 .debug_loc     0x00000889      0x39f build/stm32u0xx_hal_cortex.o
 .debug_loc     0x00000c28      0xb54 build/stm32u0xx_hal_rcc.o
 .debug_loc     0x0000177c      0x46a build/stm32u0xx_hal_gpio.o
 .debug_loc     0x00001be6      0x522 build/stm32u0xx_hal_pwr_ex.o
 .debug_loc     0x00002108      0x2cc build/stm32u0xx_hal.o
 .debug_loc     0x000023d4     0x27b0 build/stm32u0xx_hal_spi.o
 .debug_loc     0x00004b84     0x62a0 build/stm32u0xx_hal_tim.o
 .debug_loc     0x0000ae24     0x2e01 build/stm32u0xx_hal_tim_ex.o
 .debug_loc     0x0000dc25      0x17c build/system_stm32u0xx.o

.debug_aranges  0x00000000      0xd90
 .debug_aranges
                0x00000000       0x30 build/main.o
 .debug_aranges
                0x00000030       0x20 build/gpio.o
 .debug_aranges
                0x00000050       0x30 build/spi.o
 .debug_aranges
                0x00000080       0x38 build/tim.o
 .debug_aranges
                0x000000b8       0x58 build/stm32u0xx_it.o
 .debug_aranges
                0x00000110       0x20 build/stm32u0xx_hal_msp.o
 .debug_aranges
                0x00000130       0x90 build/stm32u0xx_nucleo.o
 .debug_aranges
                0x000001c0       0xc0 build/stm32u0xx_hal_cortex.o
 .debug_aranges
                0x00000280       0x88 build/stm32u0xx_hal_rcc.o
 .debug_aranges
                0x00000308       0x60 build/stm32u0xx_hal_gpio.o
 .debug_aranges
                0x00000368      0x130 build/stm32u0xx_hal_pwr_ex.o
 .debug_aranges
                0x00000498      0x158 build/stm32u0xx_hal.o
 .debug_aranges
                0x000005f0      0x1d8 build/stm32u0xx_hal_spi.o
 .debug_aranges
                0x000007c8      0x3e0 build/stm32u0xx_hal_tim.o
 .debug_aranges
                0x00000ba8      0x198 build/stm32u0xx_hal_tim_ex.o
 .debug_aranges
                0x00000d40       0x28 build/system_stm32u0xx.o
 .debug_aranges
                0x00000d68       0x28 build/startup_stm32u083xx.o

.debug_ranges   0x00000000      0xcb8
 .debug_ranges  0x00000000       0x20 build/main.o
 .debug_ranges  0x00000020       0x10 build/gpio.o
 .debug_ranges  0x00000030       0x20 build/spi.o
 .debug_ranges  0x00000050       0x28 build/tim.o
 .debug_ranges  0x00000078       0x48 build/stm32u0xx_it.o
 .debug_ranges  0x000000c0       0x10 build/stm32u0xx_hal_msp.o
 .debug_ranges  0x000000d0       0x80 build/stm32u0xx_nucleo.o
 .debug_ranges  0x00000150       0xc8 build/stm32u0xx_hal_cortex.o
 .debug_ranges  0x00000218       0x90 build/stm32u0xx_hal_rcc.o
 .debug_ranges  0x000002a8       0x50 build/stm32u0xx_hal_gpio.o
 .debug_ranges  0x000002f8      0x120 build/stm32u0xx_hal_pwr_ex.o
 .debug_ranges  0x00000418      0x148 build/stm32u0xx_hal.o
 .debug_ranges  0x00000560      0x1c8 build/stm32u0xx_hal_spi.o
 .debug_ranges  0x00000728      0x3d0 build/stm32u0xx_hal_tim.o
 .debug_ranges  0x00000af8      0x188 build/stm32u0xx_hal_tim_ex.o
 .debug_ranges  0x00000c80       0x18 build/system_stm32u0xx.o
 .debug_ranges  0x00000c98       0x20 build/startup_stm32u083xx.o

.debug_line     0x00000000     0xe32f
 .debug_line    0x00000000      0x3a7 build/main.o
 .debug_line    0x000003a7      0x2f6 build/gpio.o
 .debug_line    0x0000069d      0x32b build/spi.o
 .debug_line    0x000009c8      0x398 build/tim.o
 .debug_line    0x00000d60      0x2cc build/stm32u0xx_it.o
 .debug_line    0x0000102c      0x1ad build/stm32u0xx_hal_msp.o
 .debug_line    0x000011d9      0x518 build/stm32u0xx_nucleo.o
 .debug_line    0x000016f1      0x6e3 build/stm32u0xx_hal_cortex.o
 .debug_line    0x00001dd4      0xfbf build/stm32u0xx_hal_rcc.o
 .debug_line    0x00002d93      0x712 build/stm32u0xx_hal_gpio.o
 .debug_line    0x000034a5      0xa56 build/stm32u0xx_hal_pwr_ex.o
 .debug_line    0x00003efb      0x736 build/stm32u0xx_hal.o
 .debug_line    0x00004631     0x2955 build/stm32u0xx_hal_spi.o
 .debug_line    0x00006f86     0x4fa3 build/stm32u0xx_hal_tim.o
 .debug_line    0x0000bf29     0x2077 build/stm32u0xx_hal_tim_ex.o
 .debug_line    0x0000dfa0      0x318 build/system_stm32u0xx.o
 .debug_line    0x0000e2b8       0x77 build/startup_stm32u083xx.o

.debug_str      0x00000000     0x40ec
 .debug_str     0x00000000      0x8c4 build/main.o
                                0x96a (size before relaxing)
 .debug_str     0x000008c4      0x41a build/gpio.o
                                0x615 (size before relaxing)
 .debug_str     0x00000cde       0x58 build/spi.o
                                0x8c4 (size before relaxing)
 .debug_str     0x00000d36      0x3eb build/tim.o
                                0xc8d (size before relaxing)
 .debug_str     0x00001121       0xdf build/stm32u0xx_it.o
                                0x870 (size before relaxing)
 .debug_str     0x00001200       0x29 build/stm32u0xx_hal_msp.o
                                0x2c9 (size before relaxing)
 .debug_str     0x00001229      0x2ea build/stm32u0xx_nucleo.o
                                0x96d (size before relaxing)
 .debug_str     0x00001513      0x367 build/stm32u0xx_hal_cortex.o
                                0x7d4 (size before relaxing)
 .debug_str     0x0000187a      0x3a3 build/stm32u0xx_hal_rcc.o
                                0x88e (size before relaxing)
 .debug_str     0x00001c1d       0xfa build/stm32u0xx_hal_gpio.o
                                0x3dd (size before relaxing)
 .debug_str     0x00001d17      0x454 build/stm32u0xx_hal_pwr_ex.o
                                0x76a (size before relaxing)
 .debug_str     0x0000216b      0x429 build/stm32u0xx_hal.o
                                0xa29 (size before relaxing)
 .debug_str     0x00002594      0x581 build/stm32u0xx_hal_spi.o
                                0xcb5 (size before relaxing)
 .debug_str     0x00002b15      0xf38 build/stm32u0xx_hal_tim.o
                               0x17fd (size before relaxing)
 .debug_str     0x00003a4d      0x630 build/stm32u0xx_hal_tim_ex.o
                               0x1189 (size before relaxing)
 .debug_str     0x0000407d       0x3d build/system_stm32u0xx.o
                                0x40e (size before relaxing)
 .debug_str     0x000040ba       0x32 build/startup_stm32u083xx.o
                                 0x51 (size before relaxing)

.comment        0x00000000       0x45
 .comment       0x00000000       0x45 build/main.o
                                 0x46 (size before relaxing)
 .comment       0x00000045       0x46 build/gpio.o
 .comment       0x00000045       0x46 build/spi.o
 .comment       0x00000045       0x46 build/tim.o
 .comment       0x00000045       0x46 build/stm32u0xx_it.o
 .comment       0x00000045       0x46 build/stm32u0xx_hal_msp.o
 .comment       0x00000045       0x46 build/stm32u0xx_nucleo.o
 .comment       0x00000045       0x46 build/stm32u0xx_hal_cortex.o
 .comment       0x00000045       0x46 build/stm32u0xx_hal_rcc.o
 .comment       0x00000045       0x46 build/stm32u0xx_hal_gpio.o
 .comment       0x00000045       0x46 build/stm32u0xx_hal_pwr_ex.o
 .comment       0x00000045       0x46 build/stm32u0xx_hal.o
 .comment       0x00000045       0x46 build/stm32u0xx_hal_spi.o
 .comment       0x00000045       0x46 build/stm32u0xx_hal_tim.o
 .comment       0x00000045       0x46 build/stm32u0xx_hal_tim_ex.o
 .comment       0x00000045       0x46 build/system_stm32u0xx.o

.debug_frame    0x00000000     0x22a0
 .debug_frame   0x00000000       0x54 build/main.o
 .debug_frame   0x00000054       0x3c build/gpio.o
 .debug_frame   0x00000090       0x5c build/spi.o
 .debug_frame   0x000000ec       0x70 build/tim.o
 .debug_frame   0x0000015c       0xb0 build/stm32u0xx_it.o
 .debug_frame   0x0000020c       0x24 build/stm32u0xx_hal_msp.o
 .debug_frame   0x00000230      0x164 build/stm32u0xx_nucleo.o
 .debug_frame   0x00000394      0x194 build/stm32u0xx_hal_cortex.o
 .debug_frame   0x00000528      0x164 build/stm32u0xx_hal_rcc.o
 .debug_frame   0x0000068c       0xd0 build/stm32u0xx_hal_gpio.o
 .debug_frame   0x0000075c      0x260 build/stm32u0xx_hal_pwr_ex.o
 .debug_frame   0x000009bc      0x2c4 build/stm32u0xx_hal.o
 .debug_frame   0x00000c80      0x5a0 build/stm32u0xx_hal_spi.o
 .debug_frame   0x00001220      0xb1c build/stm32u0xx_hal_tim.o
 .debug_frame   0x00001d3c      0x4c0 build/stm32u0xx_hal_tim_ex.o
 .debug_frame   0x000021fc       0x38 build/system_stm32u0xx.o
 .debug_frame   0x00002234       0x20 c:/program files (x86)/arm gnu toolchain arm-none-eabi/12.2 rel1/bin/../lib/gcc/arm-none-eabi/12.2.1/thumb/v6-m/nofp\libc_nano.a(libc_a-memset.o)
 .debug_frame   0x00002254       0x2c c:/program files (x86)/arm gnu toolchain arm-none-eabi/12.2 rel1/bin/../lib/gcc/arm-none-eabi/12.2.1/thumb/v6-m/nofp\libc_nano.a(libc_a-init.o)
 .debug_frame   0x00002280       0x20 c:/program files (x86)/arm gnu toolchain arm-none-eabi/12.2 rel1/bin/../lib/gcc/arm-none-eabi/12.2.1/thumb/v6-m/nofp\libgcc.a(_udivsi3.o)

.debug_line_str
                0x00000000       0xc9
 .debug_line_str
                0x00000000       0xc9 c:/program files (x86)/arm gnu toolchain arm-none-eabi/12.2 rel1/bin/../lib/gcc/arm-none-eabi/12.2.1/thumb/v6-m/nofp\libgcc.a(_udivsi3.o)
 .debug_line_str
                0x000000c9       0xc9 c:/program files (x86)/arm gnu toolchain arm-none-eabi/12.2 rel1/bin/../lib/gcc/arm-none-eabi/12.2.1/thumb/v6-m/nofp\libgcc.a(_dvmd_tls.o)

Cross Reference Table

Symbol                                            File
ADC_COMP1_2_IRQHandler                            build/startup_stm32u083xx.o
AHBPrescTable                                     build/system_stm32u0xx.o
                                                  build/stm32u0xx_hal_rcc.o
APBPrescTable                                     build/system_stm32u0xx.o
                                                  build/stm32u0xx_hal_rcc.o
BSP_GetBoardID                                    build/stm32u0xx_nucleo.o
BSP_GetBoardName                                  build/stm32u0xx_nucleo.o
BSP_GetVersion                                    build/stm32u0xx_nucleo.o
BSP_LED_DeInit                                    build/stm32u0xx_nucleo.o
BSP_LED_GetState                                  build/stm32u0xx_nucleo.o
BSP_LED_Init                                      build/stm32u0xx_nucleo.o
                                                  build/main.o
BSP_LED_Off                                       build/stm32u0xx_nucleo.o
BSP_LED_On                                        build/stm32u0xx_nucleo.o
BSP_LED_Toggle                                    build/stm32u0xx_nucleo.o
BSP_PB_Callback                                   build/stm32u0xx_nucleo.o
BSP_PB_DeInit                                     build/stm32u0xx_nucleo.o
BSP_PB_GetState                                   build/stm32u0xx_nucleo.o
BSP_PB_IRQHandler                                 build/stm32u0xx_nucleo.o
BSP_PB_Init                                       build/stm32u0xx_nucleo.o
DMA1_Ch4_7_DMA2_Ch1_5_DMAMUX_OVR_IRQHandler       build/startup_stm32u083xx.o
DMA1_Channel1_IRQHandler                          build/startup_stm32u083xx.o
DMA1_Channel2_3_IRQHandler                        build/startup_stm32u083xx.o
Default_Handler                                   build/startup_stm32u083xx.o
EXTI0_1_IRQHandler                                build/startup_stm32u083xx.o
EXTI2_3_IRQHandler                                build/startup_stm32u083xx.o
EXTI4_15_IRQHandler                               build/stm32u0xx_it.o
Error_Handler                                     build/main.o
                                                  build/tim.o
                                                  build/spi.o
FLASH_ECC_IRQHandler                              build/startup_stm32u083xx.o
FLASH_FlushCaches                                 build/stm32u0xx_hal_flash_ex.o
FLASH_PageErase                                   build/stm32u0xx_hal_flash_ex.o
                                                  build/stm32u0xx_hal_flash.o
FLASH_WaitForLastOperation                        build/stm32u0xx_hal_flash.o
                                                  build/stm32u0xx_hal_flash_ex.o
HAL_DBGMCU_DisableDBGStandbyMode                  build/stm32u0xx_hal.o
HAL_DBGMCU_DisableDBGStopMode                     build/stm32u0xx_hal.o
HAL_DBGMCU_EnableDBGStandbyMode                   build/stm32u0xx_hal.o
HAL_DBGMCU_EnableDBGStopMode                      build/stm32u0xx_hal.o
HAL_DMAEx_ConfigMuxRequestGenerator               build/stm32u0xx_hal_dma_ex.o
HAL_DMAEx_ConfigMuxSync                           build/stm32u0xx_hal_dma_ex.o
HAL_DMAEx_DisableMuxRequestGenerator              build/stm32u0xx_hal_dma_ex.o
HAL_DMAEx_EnableMuxRequestGenerator               build/stm32u0xx_hal_dma_ex.o
HAL_DMAEx_MUX_IRQHandler                          build/stm32u0xx_hal_dma_ex.o
HAL_DMA_Abort                                     build/stm32u0xx_hal_dma.o
                                                  build/stm32u0xx_hal_uart.o
                                                  build/stm32u0xx_hal_spi.o
HAL_DMA_Abort_IT                                  build/stm32u0xx_hal_dma.o
                                                  build/stm32u0xx_hal_uart.o
                                                  build/stm32u0xx_hal_tim_ex.o
                                                  build/stm32u0xx_hal_tim.o
                                                  build/stm32u0xx_hal_spi.o
HAL_DMA_DeInit                                    build/stm32u0xx_hal_dma.o
HAL_DMA_GetError                                  build/stm32u0xx_hal_dma.o
                                                  build/stm32u0xx_hal_uart.o
HAL_DMA_GetState                                  build/stm32u0xx_hal_dma.o
HAL_DMA_IRQHandler                                build/stm32u0xx_hal_dma.o
HAL_DMA_Init                                      build/stm32u0xx_hal_dma.o
HAL_DMA_PollForTransfer                           build/stm32u0xx_hal_dma.o
HAL_DMA_RegisterCallback                          build/stm32u0xx_hal_dma.o
HAL_DMA_Start                                     build/stm32u0xx_hal_dma.o
HAL_DMA_Start_IT                                  build/stm32u0xx_hal_dma.o
                                                  build/stm32u0xx_hal_uart.o
                                                  build/stm32u0xx_hal_tim_ex.o
                                                  build/stm32u0xx_hal_tim.o
                                                  build/stm32u0xx_hal_spi.o
HAL_DMA_UnRegisterCallback                        build/stm32u0xx_hal_dma.o
HAL_DeInit                                        build/stm32u0xx_hal.o
HAL_Delay                                         build/stm32u0xx_hal.o
                                                  build/main.o
HAL_EXTI_ClearConfigLine                          build/stm32u0xx_hal_exti.o
HAL_EXTI_ClearPending                             build/stm32u0xx_hal_exti.o
HAL_EXTI_GenerateSWI                              build/stm32u0xx_hal_exti.o
HAL_EXTI_GetConfigLine                            build/stm32u0xx_hal_exti.o
HAL_EXTI_GetHandle                                build/stm32u0xx_hal_exti.o
                                                  build/stm32u0xx_nucleo.o
HAL_EXTI_GetPending                               build/stm32u0xx_hal_exti.o
HAL_EXTI_IRQHandler                               build/stm32u0xx_hal_exti.o
                                                  build/stm32u0xx_nucleo.o
HAL_EXTI_RegisterCallback                         build/stm32u0xx_hal_exti.o
                                                  build/stm32u0xx_nucleo.o
HAL_EXTI_SetConfigLine                            build/stm32u0xx_hal_exti.o
HAL_FLASHEx_ConfigHDPExtension                    build/stm32u0xx_hal_flash_ex.o
HAL_FLASHEx_DisableDebugger                       build/stm32u0xx_hal_flash_ex.o
HAL_FLASHEx_EnableDebugger                        build/stm32u0xx_hal_flash_ex.o
HAL_FLASHEx_EnableHDPProtection                   build/stm32u0xx_hal_flash_ex.o
HAL_FLASHEx_Erase                                 build/stm32u0xx_hal_flash_ex.o
HAL_FLASHEx_Erase_IT                              build/stm32u0xx_hal_flash_ex.o
HAL_FLASHEx_FlashEmptyCheck                       build/stm32u0xx_hal_flash_ex.o
HAL_FLASHEx_ForceFlashEmpty                       build/stm32u0xx_hal_flash_ex.o
HAL_FLASHEx_GetHDPExtensionConfig                 build/stm32u0xx_hal_flash_ex.o
HAL_FLASHEx_IsEnabledHDPProtection                build/stm32u0xx_hal_flash_ex.o
HAL_FLASHEx_OBGetConfig                           build/stm32u0xx_hal_flash_ex.o
HAL_FLASHEx_OBProgram                             build/stm32u0xx_hal_flash_ex.o
HAL_FLASH_EndOfOperationCallback                  build/stm32u0xx_hal_flash.o
HAL_FLASH_GetError                                build/stm32u0xx_hal_flash.o
HAL_FLASH_IRQHandler                              build/stm32u0xx_hal_flash.o
HAL_FLASH_Lock                                    build/stm32u0xx_hal_flash.o
HAL_FLASH_OB_GetOEMKeyCRC                         build/stm32u0xx_hal_flash_ex.o
HAL_FLASH_OB_Launch                               build/stm32u0xx_hal_flash.o
HAL_FLASH_OB_Lock                                 build/stm32u0xx_hal_flash.o
HAL_FLASH_OB_Unlock                               build/stm32u0xx_hal_flash.o
HAL_FLASH_OperationErrorCallback                  build/stm32u0xx_hal_flash.o
HAL_FLASH_Program                                 build/stm32u0xx_hal_flash.o
HAL_FLASH_Program_IT                              build/stm32u0xx_hal_flash.o
HAL_FLASH_Unlock                                  build/stm32u0xx_hal_flash.o
HAL_GPIO_DeInit                                   build/stm32u0xx_hal_gpio.o
                                                  build/stm32u0xx_nucleo.o
                                                  build/spi.o
HAL_GPIO_EXTI_Falling_Callback                    build/stm32u0xx_hal_gpio.o
HAL_GPIO_EXTI_IRQHandler                          build/stm32u0xx_hal_gpio.o
                                                  build/stm32u0xx_it.o
HAL_GPIO_EXTI_Rising_Callback                     build/stm32u0xx_hal_gpio.o
HAL_GPIO_Init                                     build/stm32u0xx_hal_gpio.o
                                                  build/stm32u0xx_hal_rcc_ex.o
                                                  build/stm32u0xx_hal_rcc.o
                                                  build/stm32u0xx_nucleo.o
                                                  build/spi.o
                                                  build/gpio.o
HAL_GPIO_LockPin                                  build/stm32u0xx_hal_gpio.o
HAL_GPIO_ReadPin                                  build/stm32u0xx_hal_gpio.o
                                                  build/stm32u0xx_nucleo.o
HAL_GPIO_TogglePin                                build/stm32u0xx_hal_gpio.o
                                                  build/stm32u0xx_nucleo.o
                                                  build/main.o
HAL_GPIO_WritePin                                 build/stm32u0xx_hal_gpio.o
                                                  build/stm32u0xx_nucleo.o
                                                  build/gpio.o
HAL_GetDEVID                                      build/stm32u0xx_hal.o
HAL_GetHalVersion                                 build/stm32u0xx_hal.o
HAL_GetREVID                                      build/stm32u0xx_hal.o
HAL_GetTick                                       build/stm32u0xx_hal.o
                                                  build/stm32u0xx_hal_uart.o
                                                  build/stm32u0xx_hal_uart_ex.o
                                                  build/stm32u0xx_hal_tim_ex.o
                                                  build/stm32u0xx_hal_spi.o
                                                  build/stm32u0xx_hal_dma.o
                                                  build/stm32u0xx_hal_flash.o
                                                  build/stm32u0xx_hal_rcc_ex.o
                                                  build/stm32u0xx_hal_rcc.o
HAL_GetTickFreq                                   build/stm32u0xx_hal.o
HAL_GetTickPrio                                   build/stm32u0xx_hal.o
HAL_GetUIDw0                                      build/stm32u0xx_hal.o
HAL_GetUIDw1                                      build/stm32u0xx_hal.o
HAL_GetUIDw2                                      build/stm32u0xx_hal.o
HAL_HalfDuplex_EnableReceiver                     build/stm32u0xx_hal_uart.o
HAL_HalfDuplex_EnableTransmitter                  build/stm32u0xx_hal_uart.o
HAL_HalfDuplex_Init                               build/stm32u0xx_hal_uart.o
HAL_IncTick                                       build/stm32u0xx_hal.o
                                                  build/stm32u0xx_it.o
HAL_Init                                          build/stm32u0xx_hal.o
                                                  build/main.o
HAL_InitTick                                      build/stm32u0xx_hal.o
                                                  build/stm32u0xx_hal_rcc.o
HAL_LIN_Init                                      build/stm32u0xx_hal_uart.o
HAL_LIN_SendBreak                                 build/stm32u0xx_hal_uart.o
HAL_MPU_ConfigRegion                              build/stm32u0xx_hal_cortex.o
HAL_MPU_Disable                                   build/stm32u0xx_hal_cortex.o
HAL_MPU_DisableRegion                             build/stm32u0xx_hal_cortex.o
HAL_MPU_Enable                                    build/stm32u0xx_hal_cortex.o
HAL_MPU_EnableRegion                              build/stm32u0xx_hal_cortex.o
HAL_MspDeInit                                     build/stm32u0xx_hal.o
HAL_MspInit                                       build/stm32u0xx_hal_msp.o
HAL_MultiProcessorEx_AddressLength_Set            build/stm32u0xx_hal_uart_ex.o
HAL_MultiProcessor_DisableMuteMode                build/stm32u0xx_hal_uart.o
HAL_MultiProcessor_EnableMuteMode                 build/stm32u0xx_hal_uart.o
HAL_MultiProcessor_EnterMuteMode                  build/stm32u0xx_hal_uart.o
HAL_MultiProcessor_Init                           build/stm32u0xx_hal_uart.o
HAL_NVIC_ClearPendingIRQ                          build/stm32u0xx_hal_cortex.o
HAL_NVIC_DisableIRQ                               build/stm32u0xx_hal_cortex.o
                                                  build/stm32u0xx_nucleo.o
                                                  build/tim.o
HAL_NVIC_EnableIRQ                                build/stm32u0xx_hal_cortex.o
                                                  build/stm32u0xx_nucleo.o
                                                  build/tim.o
                                                  build/gpio.o
HAL_NVIC_GetPendingIRQ                            build/stm32u0xx_hal_cortex.o
HAL_NVIC_GetPriority                              build/stm32u0xx_hal_cortex.o
HAL_NVIC_SetPendingIRQ                            build/stm32u0xx_hal_cortex.o
HAL_NVIC_SetPriority                              build/stm32u0xx_hal_cortex.o
                                                  build/stm32u0xx_hal.o
                                                  build/stm32u0xx_nucleo.o
                                                  build/tim.o
                                                  build/gpio.o
HAL_NVIC_SystemReset                              build/stm32u0xx_hal_cortex.o
HAL_PWREx_ConfigPVM                               build/stm32u0xx_hal_pwr_ex.o
HAL_PWREx_ControlVoltageScaling                   build/stm32u0xx_hal_pwr_ex.o
                                                  build/main.o
HAL_PWREx_DisableBatteryCharging                  build/stm32u0xx_hal_pwr_ex.o
HAL_PWREx_DisableFlashPowerDown                   build/stm32u0xx_hal_pwr_ex.o
HAL_PWREx_DisableGPIOPullDown                     build/stm32u0xx_hal_pwr_ex.o
HAL_PWREx_DisableGPIOPullUp                       build/stm32u0xx_hal_pwr_ex.o
HAL_PWREx_DisableInternalWakeUpLine               build/stm32u0xx_hal_pwr_ex.o
HAL_PWREx_DisableLowPowerRunMode                  build/stm32u0xx_hal_pwr_ex.o
                                                  build/stm32u0xx_hal_pwr.o
HAL_PWREx_DisablePVM1                             build/stm32u0xx_hal_pwr_ex.o
HAL_PWREx_DisablePVM3                             build/stm32u0xx_hal_pwr_ex.o
HAL_PWREx_DisablePVM4                             build/stm32u0xx_hal_pwr_ex.o
HAL_PWREx_DisablePullUpPullDownConfig             build/stm32u0xx_hal_pwr_ex.o
HAL_PWREx_DisableSRAMContentRetention             build/stm32u0xx_hal_pwr_ex.o
HAL_PWREx_DisableUltraLowPowerMode                build/stm32u0xx_hal_pwr_ex.o
HAL_PWREx_DisableVddUSB                           build/stm32u0xx_hal_pwr_ex.o
HAL_PWREx_EnableBatteryCharging                   build/stm32u0xx_hal_pwr_ex.o
HAL_PWREx_EnableFlashPowerDown                    build/stm32u0xx_hal_pwr_ex.o
HAL_PWREx_EnableGPIOPullDown                      build/stm32u0xx_hal_pwr_ex.o
HAL_PWREx_EnableGPIOPullUp                        build/stm32u0xx_hal_pwr_ex.o
HAL_PWREx_EnableInternalWakeUpLine                build/stm32u0xx_hal_pwr_ex.o
HAL_PWREx_EnableLowPowerRunMode                   build/stm32u0xx_hal_pwr_ex.o
                                                  build/stm32u0xx_hal_pwr.o
HAL_PWREx_EnablePVM1                              build/stm32u0xx_hal_pwr_ex.o
HAL_PWREx_EnablePVM3                              build/stm32u0xx_hal_pwr_ex.o
HAL_PWREx_EnablePVM4                              build/stm32u0xx_hal_pwr_ex.o
HAL_PWREx_EnablePullUpPullDownConfig              build/stm32u0xx_hal_pwr_ex.o
HAL_PWREx_EnableSRAMContentRetention              build/stm32u0xx_hal_pwr_ex.o
HAL_PWREx_EnableUltraLowPowerMode                 build/stm32u0xx_hal_pwr_ex.o
HAL_PWREx_EnableVddUSB                            build/stm32u0xx_hal_pwr_ex.o
HAL_PWREx_EnterSTOP1Mode                          build/stm32u0xx_hal_pwr_ex.o
HAL_PWREx_EnterSTOP2Mode                          build/stm32u0xx_hal_pwr_ex.o
HAL_PWREx_GetVoltageRange                         build/stm32u0xx_hal_pwr_ex.o
                                                  build/stm32u0xx_hal_rcc.o
HAL_PWREx_PVD_PVM_IRQHandler                      build/stm32u0xx_hal_pwr_ex.o
HAL_PWREx_PVM1_Callback                           build/stm32u0xx_hal_pwr_ex.o
HAL_PWREx_PVM3_Callback                           build/stm32u0xx_hal_pwr_ex.o
HAL_PWREx_PVM4_Callback                           build/stm32u0xx_hal_pwr_ex.o
HAL_PWR_ConfigPVD                                 build/stm32u0xx_hal_pwr.o
HAL_PWR_DeInit                                    build/stm32u0xx_hal_pwr.o
HAL_PWR_DisableBkUpAccess                         build/stm32u0xx_hal_pwr.o
                                                  build/stm32u0xx_hal_rcc_ex.o
HAL_PWR_DisablePVD                                build/stm32u0xx_hal_pwr.o
HAL_PWR_DisableSEVOnPend                          build/stm32u0xx_hal_pwr.o
HAL_PWR_DisableSleepOnExit                        build/stm32u0xx_hal_pwr.o
HAL_PWR_DisableWakeUpPin                          build/stm32u0xx_hal_pwr.o
HAL_PWR_EnableBkUpAccess                          build/stm32u0xx_hal_pwr.o
                                                  build/stm32u0xx_hal_rcc_ex.o
HAL_PWR_EnablePVD                                 build/stm32u0xx_hal_pwr.o
HAL_PWR_EnableSEVOnPend                           build/stm32u0xx_hal_pwr.o
HAL_PWR_EnableSleepOnExit                         build/stm32u0xx_hal_pwr.o
HAL_PWR_EnableWakeUpPin                           build/stm32u0xx_hal_pwr.o
HAL_PWR_EnterSHUTDOWNMode                         build/stm32u0xx_hal_pwr.o
HAL_PWR_EnterSLEEPMode                            build/stm32u0xx_hal_pwr.o
HAL_PWR_EnterSTANDBYMode                          build/stm32u0xx_hal_pwr.o
HAL_PWR_EnterSTOPMode                             build/stm32u0xx_hal_pwr.o
HAL_PWR_PVDCallback                               build/stm32u0xx_hal_pwr.o
                                                  build/stm32u0xx_hal_pwr_ex.o
HAL_RCCEx_CRSConfig                               build/stm32u0xx_hal_rcc_ex.o
HAL_RCCEx_CRSGetSynchronizationInfo               build/stm32u0xx_hal_rcc_ex.o
HAL_RCCEx_CRSSoftwareSynchronizationGenerate      build/stm32u0xx_hal_rcc_ex.o
HAL_RCCEx_CRSWaitSynchronization                  build/stm32u0xx_hal_rcc_ex.o
HAL_RCCEx_CRS_ErrorCallback                       build/stm32u0xx_hal_rcc_ex.o
HAL_RCCEx_CRS_ExpectedSyncCallback                build/stm32u0xx_hal_rcc_ex.o
HAL_RCCEx_CRS_IRQHandler                          build/stm32u0xx_hal_rcc_ex.o
HAL_RCCEx_CRS_SyncOkCallback                      build/stm32u0xx_hal_rcc_ex.o
HAL_RCCEx_CRS_SyncWarnCallback                    build/stm32u0xx_hal_rcc_ex.o
HAL_RCCEx_DisableLSCO                             build/stm32u0xx_hal_rcc_ex.o
HAL_RCCEx_DisableLSECSS                           build/stm32u0xx_hal_rcc_ex.o
HAL_RCCEx_DisableMSIPLLMode                       build/stm32u0xx_hal_rcc_ex.o
HAL_RCCEx_DisablePLL                              build/stm32u0xx_hal_rcc_ex.o
HAL_RCCEx_EnableLSCO                              build/stm32u0xx_hal_rcc_ex.o
HAL_RCCEx_EnableLSECSS                            build/stm32u0xx_hal_rcc_ex.o
HAL_RCCEx_EnableLSECSS_IT                         build/stm32u0xx_hal_rcc_ex.o
HAL_RCCEx_EnableMSIPLLMode                        build/stm32u0xx_hal_rcc_ex.o
HAL_RCCEx_EnablePLL                               build/stm32u0xx_hal_rcc_ex.o
HAL_RCCEx_GetPLLClockFreq                         build/stm32u0xx_hal_rcc_ex.o
HAL_RCCEx_GetPeriphCLKConfig                      build/stm32u0xx_hal_rcc_ex.o
HAL_RCCEx_GetPeriphCLKFreq                        build/stm32u0xx_hal_rcc_ex.o
                                                  build/stm32u0xx_hal_uart.o
HAL_RCCEx_LSECSS_Callback                         build/stm32u0xx_hal_rcc_ex.o
HAL_RCCEx_LSECSS_IRQHandler                       build/stm32u0xx_hal_rcc_ex.o
HAL_RCCEx_PeriphCLKConfig                         build/stm32u0xx_hal_rcc_ex.o
HAL_RCCEx_StandbyMSIRangeConfig                   build/stm32u0xx_hal_rcc_ex.o
HAL_RCCEx_WakeUpStopCLKConfig                     build/stm32u0xx_hal_rcc_ex.o
HAL_RCC_CSSCallback                               build/stm32u0xx_hal_rcc.o
HAL_RCC_ClockConfig                               build/stm32u0xx_hal_rcc.o
                                                  build/main.o
HAL_RCC_DeInit                                    build/stm32u0xx_hal_rcc.o
HAL_RCC_EnableCSS                                 build/stm32u0xx_hal_rcc.o
HAL_RCC_GetClockConfig                            build/stm32u0xx_hal_rcc.o
HAL_RCC_GetHCLKFreq                               build/stm32u0xx_hal_rcc.o
HAL_RCC_GetOscConfig                              build/stm32u0xx_hal_rcc.o
HAL_RCC_GetPCLK1Freq                              build/stm32u0xx_hal_rcc.o
                                                  build/stm32u0xx_hal_rcc_ex.o
HAL_RCC_GetResetSource                            build/stm32u0xx_hal_rcc.o
HAL_RCC_GetSysClockFreq                           build/stm32u0xx_hal_rcc.o
                                                  build/stm32u0xx_hal_rcc_ex.o
HAL_RCC_MCOConfig                                 build/stm32u0xx_hal_rcc.o
HAL_RCC_NMI_IRQHandler                            build/stm32u0xx_hal_rcc.o
HAL_RCC_OscConfig                                 build/stm32u0xx_hal_rcc.o
                                                  build/main.o
HAL_RS485Ex_Init                                  build/stm32u0xx_hal_uart_ex.o
HAL_ResumeTick                                    build/stm32u0xx_hal.o
HAL_SPIEx_FlushRxFifo                             build/stm32u0xx_hal_spi_ex.o
HAL_SPI_Abort                                     build/stm32u0xx_hal_spi.o
HAL_SPI_AbortCpltCallback                         build/stm32u0xx_hal_spi.o
HAL_SPI_Abort_IT                                  build/stm32u0xx_hal_spi.o
HAL_SPI_DMAPause                                  build/stm32u0xx_hal_spi.o
HAL_SPI_DMAResume                                 build/stm32u0xx_hal_spi.o
HAL_SPI_DMAStop                                   build/stm32u0xx_hal_spi.o
HAL_SPI_DeInit                                    build/stm32u0xx_hal_spi.o
HAL_SPI_ErrorCallback                             build/stm32u0xx_hal_spi.o
HAL_SPI_GetError                                  build/stm32u0xx_hal_spi.o
HAL_SPI_GetState                                  build/stm32u0xx_hal_spi.o
HAL_SPI_IRQHandler                                build/stm32u0xx_hal_spi.o
HAL_SPI_Init                                      build/stm32u0xx_hal_spi.o
                                                  build/spi.o
HAL_SPI_MspDeInit                                 build/spi.o
HAL_SPI_MspInit                                   build/spi.o
HAL_SPI_Receive                                   build/stm32u0xx_hal_spi.o
HAL_SPI_Receive_DMA                               build/stm32u0xx_hal_spi.o
HAL_SPI_Receive_IT                                build/stm32u0xx_hal_spi.o
HAL_SPI_RxCpltCallback                            build/stm32u0xx_hal_spi.o
HAL_SPI_RxHalfCpltCallback                        build/stm32u0xx_hal_spi.o
HAL_SPI_Transmit                                  build/stm32u0xx_hal_spi.o
                                                  build/main.o
HAL_SPI_TransmitReceive                           build/stm32u0xx_hal_spi.o
HAL_SPI_TransmitReceive_DMA                       build/stm32u0xx_hal_spi.o
HAL_SPI_TransmitReceive_IT                        build/stm32u0xx_hal_spi.o
HAL_SPI_Transmit_DMA                              build/stm32u0xx_hal_spi.o
HAL_SPI_Transmit_IT                               build/stm32u0xx_hal_spi.o
HAL_SPI_TxCpltCallback                            build/stm32u0xx_hal_spi.o
HAL_SPI_TxHalfCpltCallback                        build/stm32u0xx_hal_spi.o
HAL_SPI_TxRxCpltCallback                          build/stm32u0xx_hal_spi.o
HAL_SPI_TxRxHalfCpltCallback                      build/stm32u0xx_hal_spi.o
HAL_SYSCFG_ClearTSCComparatorModeIO               build/stm32u0xx_hal.o
HAL_SYSCFG_DisableIOAnalogSwitchBooster           build/stm32u0xx_hal.o
HAL_SYSCFG_DisableRemap                           build/stm32u0xx_hal.o
HAL_SYSCFG_DisableTSCComparatorMode               build/stm32u0xx_hal.o
HAL_SYSCFG_DisableVREFBUF                         build/stm32u0xx_hal.o
HAL_SYSCFG_EnableIOAnalogSwitchBooster            build/stm32u0xx_hal.o
HAL_SYSCFG_EnableRemap                            build/stm32u0xx_hal.o
HAL_SYSCFG_EnableTSCComparatorMode                build/stm32u0xx_hal.o
HAL_SYSCFG_EnableVREFBUF                          build/stm32u0xx_hal.o
HAL_SYSCFG_EraseSRAM2                             build/stm32u0xx_hal.o
HAL_SYSCFG_GetTSCComparatorModeIO                 build/stm32u0xx_hal.o
HAL_SYSCFG_LockSRAM2                              build/stm32u0xx_hal.o
HAL_SYSCFG_SetTSCComparatorModeIO                 build/stm32u0xx_hal.o
HAL_SYSCFG_UnlockSRAM2                            build/stm32u0xx_hal.o
HAL_SYSCFG_VREFBUF_HighImpedanceConfig            build/stm32u0xx_hal.o
HAL_SYSCFG_VREFBUF_TrimmingConfig                 build/stm32u0xx_hal.o
HAL_SYSCFG_VREFBUF_VoltageScalingConfig           build/stm32u0xx_hal.o
HAL_SYSTICK_CLKSourceConfig                       build/stm32u0xx_hal_cortex.o
HAL_SYSTICK_Callback                              build/stm32u0xx_hal_cortex.o
HAL_SYSTICK_Config                                build/stm32u0xx_hal_cortex.o
                                                  build/stm32u0xx_hal.o
HAL_SYSTICK_IRQHandler                            build/stm32u0xx_hal_cortex.o
HAL_SetTickFreq                                   build/stm32u0xx_hal.o
HAL_SuspendTick                                   build/stm32u0xx_hal.o
HAL_TIMEx_Break2Callback                          build/stm32u0xx_hal_tim_ex.o
                                                  build/stm32u0xx_hal_tim.o
HAL_TIMEx_BreakCallback                           build/stm32u0xx_hal_tim_ex.o
                                                  build/stm32u0xx_hal_tim.o
HAL_TIMEx_CommutCallback                          build/stm32u0xx_hal_tim_ex.o
                                                  build/stm32u0xx_hal_tim.o
HAL_TIMEx_CommutHalfCpltCallback                  build/stm32u0xx_hal_tim_ex.o
HAL_TIMEx_ConfigBreakDeadTime                     build/stm32u0xx_hal_tim_ex.o
HAL_TIMEx_ConfigBreakInput                        build/stm32u0xx_hal_tim_ex.o
HAL_TIMEx_ConfigCommutEvent                       build/stm32u0xx_hal_tim_ex.o
HAL_TIMEx_ConfigCommutEvent_DMA                   build/stm32u0xx_hal_tim_ex.o
HAL_TIMEx_ConfigCommutEvent_IT                    build/stm32u0xx_hal_tim_ex.o
HAL_TIMEx_DisarmBreakInput                        build/stm32u0xx_hal_tim_ex.o
HAL_TIMEx_GetChannelNState                        build/stm32u0xx_hal_tim_ex.o
HAL_TIMEx_GroupChannel5                           build/stm32u0xx_hal_tim_ex.o
HAL_TIMEx_HallSensor_DeInit                       build/stm32u0xx_hal_tim_ex.o
HAL_TIMEx_HallSensor_GetState                     build/stm32u0xx_hal_tim_ex.o
HAL_TIMEx_HallSensor_Init                         build/stm32u0xx_hal_tim_ex.o
HAL_TIMEx_HallSensor_MspDeInit                    build/stm32u0xx_hal_tim_ex.o
HAL_TIMEx_HallSensor_MspInit                      build/stm32u0xx_hal_tim_ex.o
HAL_TIMEx_HallSensor_Start                        build/stm32u0xx_hal_tim_ex.o
HAL_TIMEx_HallSensor_Start_DMA                    build/stm32u0xx_hal_tim_ex.o
HAL_TIMEx_HallSensor_Start_IT                     build/stm32u0xx_hal_tim_ex.o
HAL_TIMEx_HallSensor_Stop                         build/stm32u0xx_hal_tim_ex.o
HAL_TIMEx_HallSensor_Stop_DMA                     build/stm32u0xx_hal_tim_ex.o
HAL_TIMEx_HallSensor_Stop_IT                      build/stm32u0xx_hal_tim_ex.o
HAL_TIMEx_MasterConfigSynchronization             build/stm32u0xx_hal_tim_ex.o
                                                  build/tim.o
HAL_TIMEx_OCN_Start                               build/stm32u0xx_hal_tim_ex.o
HAL_TIMEx_OCN_Start_DMA                           build/stm32u0xx_hal_tim_ex.o
HAL_TIMEx_OCN_Start_IT                            build/stm32u0xx_hal_tim_ex.o
HAL_TIMEx_OCN_Stop                                build/stm32u0xx_hal_tim_ex.o
HAL_TIMEx_OCN_Stop_DMA                            build/stm32u0xx_hal_tim_ex.o
HAL_TIMEx_OCN_Stop_IT                             build/stm32u0xx_hal_tim_ex.o
HAL_TIMEx_OnePulseN_Start                         build/stm32u0xx_hal_tim_ex.o
HAL_TIMEx_OnePulseN_Start_IT                      build/stm32u0xx_hal_tim_ex.o
HAL_TIMEx_OnePulseN_Stop                          build/stm32u0xx_hal_tim_ex.o
HAL_TIMEx_OnePulseN_Stop_IT                       build/stm32u0xx_hal_tim_ex.o
HAL_TIMEx_PWMN_Start                              build/stm32u0xx_hal_tim_ex.o
HAL_TIMEx_PWMN_Start_DMA                          build/stm32u0xx_hal_tim_ex.o
HAL_TIMEx_PWMN_Start_IT                           build/stm32u0xx_hal_tim_ex.o
HAL_TIMEx_PWMN_Stop                               build/stm32u0xx_hal_tim_ex.o
HAL_TIMEx_PWMN_Stop_DMA                           build/stm32u0xx_hal_tim_ex.o
HAL_TIMEx_PWMN_Stop_IT                            build/stm32u0xx_hal_tim_ex.o
HAL_TIMEx_ReArmBreakInput                         build/stm32u0xx_hal_tim_ex.o
HAL_TIMEx_RemapConfig                             build/stm32u0xx_hal_tim_ex.o
HAL_TIMEx_TISelection                             build/stm32u0xx_hal_tim_ex.o
HAL_TIM_Base_DeInit                               build/stm32u0xx_hal_tim.o
HAL_TIM_Base_GetState                             build/stm32u0xx_hal_tim.o
HAL_TIM_Base_Init                                 build/stm32u0xx_hal_tim.o
                                                  build/tim.o
HAL_TIM_Base_MspDeInit                            build/tim.o
HAL_TIM_Base_MspInit                              build/tim.o
HAL_TIM_Base_Start                                build/stm32u0xx_hal_tim.o
HAL_TIM_Base_Start_DMA                            build/stm32u0xx_hal_tim.o
HAL_TIM_Base_Start_IT                             build/stm32u0xx_hal_tim.o
HAL_TIM_Base_Stop                                 build/stm32u0xx_hal_tim.o
HAL_TIM_Base_Stop_DMA                             build/stm32u0xx_hal_tim.o
HAL_TIM_Base_Stop_IT                              build/stm32u0xx_hal_tim.o
HAL_TIM_ConfigClockSource                         build/stm32u0xx_hal_tim.o
HAL_TIM_ConfigOCrefClear                          build/stm32u0xx_hal_tim.o
HAL_TIM_ConfigTI1Input                            build/stm32u0xx_hal_tim.o
HAL_TIM_DMABurstState                             build/stm32u0xx_hal_tim.o
HAL_TIM_DMABurst_MultiReadStart                   build/stm32u0xx_hal_tim.o
HAL_TIM_DMABurst_MultiWriteStart                  build/stm32u0xx_hal_tim.o
HAL_TIM_DMABurst_ReadStart                        build/stm32u0xx_hal_tim.o
HAL_TIM_DMABurst_ReadStop                         build/stm32u0xx_hal_tim.o
HAL_TIM_DMABurst_WriteStart                       build/stm32u0xx_hal_tim.o
HAL_TIM_DMABurst_WriteStop                        build/stm32u0xx_hal_tim.o
HAL_TIM_Encoder_DeInit                            build/stm32u0xx_hal_tim.o
HAL_TIM_Encoder_GetState                          build/stm32u0xx_hal_tim.o
HAL_TIM_Encoder_Init                              build/stm32u0xx_hal_tim.o
HAL_TIM_Encoder_MspDeInit                         build/stm32u0xx_hal_tim.o
HAL_TIM_Encoder_MspInit                           build/stm32u0xx_hal_tim.o
HAL_TIM_Encoder_Start                             build/stm32u0xx_hal_tim.o
HAL_TIM_Encoder_Start_DMA                         build/stm32u0xx_hal_tim.o
HAL_TIM_Encoder_Start_IT                          build/stm32u0xx_hal_tim.o
HAL_TIM_Encoder_Stop                              build/stm32u0xx_hal_tim.o
HAL_TIM_Encoder_Stop_DMA                          build/stm32u0xx_hal_tim.o
HAL_TIM_Encoder_Stop_IT                           build/stm32u0xx_hal_tim.o
HAL_TIM_ErrorCallback                             build/stm32u0xx_hal_tim.o
                                                  build/stm32u0xx_hal_tim_ex.o
HAL_TIM_GenerateEvent                             build/stm32u0xx_hal_tim.o
HAL_TIM_GetActiveChannel                          build/stm32u0xx_hal_tim.o
HAL_TIM_GetChannelState                           build/stm32u0xx_hal_tim.o
HAL_TIM_IC_CaptureCallback                        build/stm32u0xx_hal_tim.o
HAL_TIM_IC_CaptureHalfCpltCallback                build/stm32u0xx_hal_tim.o
HAL_TIM_IC_ConfigChannel                          build/stm32u0xx_hal_tim.o
HAL_TIM_IC_DeInit                                 build/stm32u0xx_hal_tim.o
HAL_TIM_IC_GetState                               build/stm32u0xx_hal_tim.o
HAL_TIM_IC_Init                                   build/stm32u0xx_hal_tim.o
HAL_TIM_IC_MspDeInit                              build/stm32u0xx_hal_tim.o
HAL_TIM_IC_MspInit                                build/stm32u0xx_hal_tim.o
HAL_TIM_IC_Start                                  build/stm32u0xx_hal_tim.o
HAL_TIM_IC_Start_DMA                              build/stm32u0xx_hal_tim.o
HAL_TIM_IC_Start_IT                               build/stm32u0xx_hal_tim.o
HAL_TIM_IC_Stop                                   build/stm32u0xx_hal_tim.o
HAL_TIM_IC_Stop_DMA                               build/stm32u0xx_hal_tim.o
HAL_TIM_IC_Stop_IT                                build/stm32u0xx_hal_tim.o
HAL_TIM_IRQHandler                                build/stm32u0xx_hal_tim.o
                                                  build/stm32u0xx_it.o
HAL_TIM_OC_ConfigChannel                          build/stm32u0xx_hal_tim.o
HAL_TIM_OC_DeInit                                 build/stm32u0xx_hal_tim.o
HAL_TIM_OC_DelayElapsedCallback                   build/stm32u0xx_hal_tim.o
HAL_TIM_OC_GetState                               build/stm32u0xx_hal_tim.o
HAL_TIM_OC_Init                                   build/stm32u0xx_hal_tim.o
HAL_TIM_OC_MspDeInit                              build/stm32u0xx_hal_tim.o
HAL_TIM_OC_MspInit                                build/stm32u0xx_hal_tim.o
HAL_TIM_OC_Start                                  build/stm32u0xx_hal_tim.o
HAL_TIM_OC_Start_DMA                              build/stm32u0xx_hal_tim.o
HAL_TIM_OC_Start_IT                               build/stm32u0xx_hal_tim.o
HAL_TIM_OC_Stop                                   build/stm32u0xx_hal_tim.o
HAL_TIM_OC_Stop_DMA                               build/stm32u0xx_hal_tim.o
HAL_TIM_OC_Stop_IT                                build/stm32u0xx_hal_tim.o
HAL_TIM_OnePulse_ConfigChannel                    build/stm32u0xx_hal_tim.o
HAL_TIM_OnePulse_DeInit                           build/stm32u0xx_hal_tim.o
HAL_TIM_OnePulse_GetState                         build/stm32u0xx_hal_tim.o
HAL_TIM_OnePulse_Init                             build/stm32u0xx_hal_tim.o
HAL_TIM_OnePulse_MspDeInit                        build/stm32u0xx_hal_tim.o
HAL_TIM_OnePulse_MspInit                          build/stm32u0xx_hal_tim.o
HAL_TIM_OnePulse_Start                            build/stm32u0xx_hal_tim.o
HAL_TIM_OnePulse_Start_IT                         build/stm32u0xx_hal_tim.o
HAL_TIM_OnePulse_Stop                             build/stm32u0xx_hal_tim.o
HAL_TIM_OnePulse_Stop_IT                          build/stm32u0xx_hal_tim.o
HAL_TIM_PWM_ConfigChannel                         build/stm32u0xx_hal_tim.o
HAL_TIM_PWM_DeInit                                build/stm32u0xx_hal_tim.o
HAL_TIM_PWM_GetState                              build/stm32u0xx_hal_tim.o
HAL_TIM_PWM_Init                                  build/stm32u0xx_hal_tim.o
HAL_TIM_PWM_MspDeInit                             build/stm32u0xx_hal_tim.o
HAL_TIM_PWM_MspInit                               build/stm32u0xx_hal_tim.o
HAL_TIM_PWM_PulseFinishedCallback                 build/stm32u0xx_hal_tim.o
                                                  build/stm32u0xx_hal_tim_ex.o
HAL_TIM_PWM_PulseFinishedHalfCpltCallback         build/stm32u0xx_hal_tim.o
HAL_TIM_PWM_Start                                 build/stm32u0xx_hal_tim.o
HAL_TIM_PWM_Start_DMA                             build/stm32u0xx_hal_tim.o
HAL_TIM_PWM_Start_IT                              build/stm32u0xx_hal_tim.o
HAL_TIM_PWM_Stop                                  build/stm32u0xx_hal_tim.o
HAL_TIM_PWM_Stop_DMA                              build/stm32u0xx_hal_tim.o
HAL_TIM_PWM_Stop_IT                               build/stm32u0xx_hal_tim.o
HAL_TIM_PeriodElapsedCallback                     build/stm32u0xx_hal_tim.o
HAL_TIM_PeriodElapsedHalfCpltCallback             build/stm32u0xx_hal_tim.o
HAL_TIM_ReadCapturedValue                         build/stm32u0xx_hal_tim.o
HAL_TIM_SlaveConfigSynchro                        build/stm32u0xx_hal_tim.o
HAL_TIM_SlaveConfigSynchro_IT                     build/stm32u0xx_hal_tim.o
HAL_TIM_TriggerCallback                           build/stm32u0xx_hal_tim.o
HAL_TIM_TriggerHalfCpltCallback                   build/stm32u0xx_hal_tim.o
HAL_UARTEx_DisableFifoMode                        build/stm32u0xx_hal_uart_ex.o
HAL_UARTEx_DisableStopMode                        build/stm32u0xx_hal_uart_ex.o
HAL_UARTEx_EnableFifoMode                         build/stm32u0xx_hal_uart_ex.o
HAL_UARTEx_EnableStopMode                         build/stm32u0xx_hal_uart_ex.o
HAL_UARTEx_GetRxEventType                         build/stm32u0xx_hal_uart_ex.o
HAL_UARTEx_ReceiveToIdle                          build/stm32u0xx_hal_uart_ex.o
HAL_UARTEx_ReceiveToIdle_DMA                      build/stm32u0xx_hal_uart_ex.o
HAL_UARTEx_ReceiveToIdle_IT                       build/stm32u0xx_hal_uart_ex.o
HAL_UARTEx_RxEventCallback                        build/stm32u0xx_hal_uart.o
HAL_UARTEx_RxFifoFullCallback                     build/stm32u0xx_hal_uart_ex.o
                                                  build/stm32u0xx_hal_uart.o
HAL_UARTEx_SetRxFifoThreshold                     build/stm32u0xx_hal_uart_ex.o
HAL_UARTEx_SetTxFifoThreshold                     build/stm32u0xx_hal_uart_ex.o
HAL_UARTEx_StopModeWakeUpSourceConfig             build/stm32u0xx_hal_uart_ex.o
HAL_UARTEx_TxFifoEmptyCallback                    build/stm32u0xx_hal_uart_ex.o
                                                  build/stm32u0xx_hal_uart.o
HAL_UARTEx_WakeupCallback                         build/stm32u0xx_hal_uart_ex.o
                                                  build/stm32u0xx_hal_uart.o
HAL_UART_Abort                                    build/stm32u0xx_hal_uart.o
HAL_UART_AbortCpltCallback                        build/stm32u0xx_hal_uart.o
HAL_UART_AbortReceive                             build/stm32u0xx_hal_uart.o
HAL_UART_AbortReceiveCpltCallback                 build/stm32u0xx_hal_uart.o
HAL_UART_AbortReceive_IT                          build/stm32u0xx_hal_uart.o
HAL_UART_AbortTransmit                            build/stm32u0xx_hal_uart.o
HAL_UART_AbortTransmitCpltCallback                build/stm32u0xx_hal_uart.o
HAL_UART_AbortTransmit_IT                         build/stm32u0xx_hal_uart.o
HAL_UART_Abort_IT                                 build/stm32u0xx_hal_uart.o
HAL_UART_DMAPause                                 build/stm32u0xx_hal_uart.o
HAL_UART_DMAResume                                build/stm32u0xx_hal_uart.o
HAL_UART_DMAStop                                  build/stm32u0xx_hal_uart.o
HAL_UART_DeInit                                   build/stm32u0xx_hal_uart.o
HAL_UART_DisableReceiverTimeout                   build/stm32u0xx_hal_uart.o
HAL_UART_EnableReceiverTimeout                    build/stm32u0xx_hal_uart.o
HAL_UART_ErrorCallback                            build/stm32u0xx_hal_uart.o
HAL_UART_GetError                                 build/stm32u0xx_hal_uart.o
HAL_UART_GetState                                 build/stm32u0xx_hal_uart.o
HAL_UART_IRQHandler                               build/stm32u0xx_hal_uart.o
HAL_UART_Init                                     build/stm32u0xx_hal_uart.o
HAL_UART_MspDeInit                                build/stm32u0xx_hal_uart.o
HAL_UART_MspInit                                  build/stm32u0xx_hal_uart.o
                                                  build/stm32u0xx_hal_uart_ex.o
HAL_UART_Receive                                  build/stm32u0xx_hal_uart.o
HAL_UART_Receive_DMA                              build/stm32u0xx_hal_uart.o
HAL_UART_Receive_IT                               build/stm32u0xx_hal_uart.o
HAL_UART_ReceiverTimeout_Config                   build/stm32u0xx_hal_uart.o
HAL_UART_RxCpltCallback                           build/stm32u0xx_hal_uart.o
HAL_UART_RxHalfCpltCallback                       build/stm32u0xx_hal_uart.o
HAL_UART_Transmit                                 build/stm32u0xx_hal_uart.o
HAL_UART_Transmit_DMA                             build/stm32u0xx_hal_uart.o
HAL_UART_Transmit_IT                              build/stm32u0xx_hal_uart.o
HAL_UART_TxCpltCallback                           build/stm32u0xx_hal_uart.o
HAL_UART_TxHalfCpltCallback                       build/stm32u0xx_hal_uart.o
HardFault_Handler                                 build/stm32u0xx_it.o
I2C1_IRQHandler                                   build/startup_stm32u083xx.o
I2C2_3_4_IRQHandler                               build/startup_stm32u083xx.o
LCD_IRQHandler                                    build/startup_stm32u083xx.o
MSIRangeTable                                     build/system_stm32u0xx.o
                                                  build/stm32u0xx_hal_rcc_ex.o
                                                  build/stm32u0xx_hal_rcc.o
MX_GPIO_Init                                      build/gpio.o
                                                  build/main.o
MX_SPI1_Init                                      build/spi.o
                                                  build/main.o
MX_TIM6_Init                                      build/tim.o
                                                  build/main.o
MX_TIM7_Init                                      build/tim.o
                                                  build/main.o
NMI_Handler                                       build/stm32u0xx_it.o
PVD_PVM_IRQHandler                                build/startup_stm32u083xx.o
PendSV_Handler                                    build/stm32u0xx_it.o
RCC_CRS_IRQHandler                                build/startup_stm32u083xx.o
RNG_CRYP_IRQHandler                               build/startup_stm32u083xx.o
RTC_TAMP_IRQHandler                               build/startup_stm32u083xx.o
Reset_Handler                                     build/startup_stm32u083xx.o
SPI1_IRQHandler                                   build/startup_stm32u083xx.o
SPI2_3_IRQHandler                                 build/startup_stm32u083xx.o
SVC_Handler                                       build/stm32u0xx_it.o
SysTick_Handler                                   build/stm32u0xx_it.o
SystemClock_Config                                build/main.o
SystemCoreClock                                   build/system_stm32u0xx.o
                                                  build/stm32u0xx_hal_spi.o
                                                  build/stm32u0xx_hal.o
                                                  build/stm32u0xx_hal_pwr_ex.o
                                                  build/stm32u0xx_hal_rcc.o
SystemCoreClockUpdate                             build/system_stm32u0xx.o
SystemInit                                        build/system_stm32u0xx.o
                                                  build/startup_stm32u083xx.o
TIM15_LPTIM3_IRQHandler                           build/startup_stm32u083xx.o
TIM16_IRQHandler                                  build/startup_stm32u083xx.o
TIM1_BRK_UP_TRG_COM_IRQHandler                    build/startup_stm32u083xx.o
TIM1_CC_IRQHandler                                build/startup_stm32u083xx.o
TIM2_IRQHandler                                   build/startup_stm32u083xx.o
TIM3_IRQHandler                                   build/startup_stm32u083xx.o
TIM6_DAC_LPTIM1_IRQHandler                        build/stm32u0xx_it.o
TIM7_LPTIM2_IRQHandler                            build/stm32u0xx_it.o
TIMEx_DMACommutationCplt                          build/stm32u0xx_hal_tim_ex.o
                                                  build/stm32u0xx_hal_tim.o
TIMEx_DMACommutationHalfCplt                      build/stm32u0xx_hal_tim_ex.o
                                                  build/stm32u0xx_hal_tim.o
TIM_Base_SetConfig                                build/stm32u0xx_hal_tim.o
                                                  build/stm32u0xx_hal_tim_ex.o
TIM_CCxChannelCmd                                 build/stm32u0xx_hal_tim.o
                                                  build/stm32u0xx_hal_tim_ex.o
TIM_DMACaptureCplt                                build/stm32u0xx_hal_tim.o
                                                  build/stm32u0xx_hal_tim_ex.o
TIM_DMACaptureHalfCplt                            build/stm32u0xx_hal_tim.o
                                                  build/stm32u0xx_hal_tim_ex.o
TIM_DMADelayPulseHalfCplt                         build/stm32u0xx_hal_tim.o
                                                  build/stm32u0xx_hal_tim_ex.o
TIM_DMAError                                      build/stm32u0xx_hal_tim.o
                                                  build/stm32u0xx_hal_tim_ex.o
TIM_ETR_SetConfig                                 build/stm32u0xx_hal_tim.o
TIM_OC2_SetConfig                                 build/stm32u0xx_hal_tim.o
                                                  build/stm32u0xx_hal_tim_ex.o
TIM_TI1_SetConfig                                 build/stm32u0xx_hal_tim.o
                                                  build/stm32u0xx_hal_tim_ex.o
TSC_IRQHandler                                    build/startup_stm32u083xx.o
UARTPrescTable                                    build/stm32u0xx_hal_uart.o
UART_AdvFeatureConfig                             build/stm32u0xx_hal_uart.o
                                                  build/stm32u0xx_hal_uart_ex.o
UART_CheckIdleState                               build/stm32u0xx_hal_uart.o
                                                  build/stm32u0xx_hal_uart_ex.o
UART_SetConfig                                    build/stm32u0xx_hal_uart.o
                                                  build/stm32u0xx_hal_uart_ex.o
UART_Start_Receive_DMA                            build/stm32u0xx_hal_uart.o
                                                  build/stm32u0xx_hal_uart_ex.o
UART_Start_Receive_IT                             build/stm32u0xx_hal_uart.o
                                                  build/stm32u0xx_hal_uart_ex.o
UART_WaitOnFlagUntilTimeout                       build/stm32u0xx_hal_uart.o
                                                  build/stm32u0xx_hal_uart_ex.o
USART1_IRQHandler                                 build/startup_stm32u083xx.o
USART2_LPUART2_IRQHandler                         build/startup_stm32u083xx.o
USART3_LPUART1_IRQHandler                         build/startup_stm32u083xx.o
USART4_LPUART3_IRQHandler                         build/startup_stm32u083xx.o
USB_DRD_FS_IRQHandler                             build/startup_stm32u083xx.o
WWDG_IWDG_IRQHandler                              build/startup_stm32u083xx.o
_ITM_deregisterTMCloneTable                       c:/program files (x86)/arm gnu toolchain arm-none-eabi/12.2 rel1/bin/../lib/gcc/arm-none-eabi/12.2.1/thumb/v6-m/nofp/crtbegin.o
_ITM_registerTMCloneTable                         c:/program files (x86)/arm gnu toolchain arm-none-eabi/12.2 rel1/bin/../lib/gcc/arm-none-eabi/12.2.1/thumb/v6-m/nofp/crtbegin.o
_Min_Stack_Size                                   build/sysmem.o
__TMC_END__                                       c:/program files (x86)/arm gnu toolchain arm-none-eabi/12.2 rel1/bin/../lib/gcc/arm-none-eabi/12.2.1/thumb/v6-m/nofp/crtend.o
                                                  c:/program files (x86)/arm gnu toolchain arm-none-eabi/12.2 rel1/bin/../lib/gcc/arm-none-eabi/12.2.1/thumb/v6-m/nofp/crtbegin.o
__aeabi_idiv                                      c:/program files (x86)/arm gnu toolchain arm-none-eabi/12.2 rel1/bin/../lib/gcc/arm-none-eabi/12.2.1/thumb/v6-m/nofp\libgcc.a(_divsi3.o)
                                                  build/stm32u0xx_hal_uart_ex.o
__aeabi_idiv0                                     c:/program files (x86)/arm gnu toolchain arm-none-eabi/12.2 rel1/bin/../lib/gcc/arm-none-eabi/12.2.1/thumb/v6-m/nofp\libgcc.a(_dvmd_tls.o)
                                                  c:/program files (x86)/arm gnu toolchain arm-none-eabi/12.2 rel1/bin/../lib/gcc/arm-none-eabi/12.2.1/thumb/v6-m/nofp\libgcc.a(_divsi3.o)
                                                  c:/program files (x86)/arm gnu toolchain arm-none-eabi/12.2 rel1/bin/../lib/gcc/arm-none-eabi/12.2.1/thumb/v6-m/nofp\libgcc.a(_udivsi3.o)
__aeabi_idivmod                                   c:/program files (x86)/arm gnu toolchain arm-none-eabi/12.2 rel1/bin/../lib/gcc/arm-none-eabi/12.2.1/thumb/v6-m/nofp\libgcc.a(_divsi3.o)
__aeabi_ldiv0                                     c:/program files (x86)/arm gnu toolchain arm-none-eabi/12.2 rel1/bin/../lib/gcc/arm-none-eabi/12.2.1/thumb/v6-m/nofp\libgcc.a(_dvmd_tls.o)
                                                  c:/program files (x86)/arm gnu toolchain arm-none-eabi/12.2 rel1/bin/../lib/gcc/arm-none-eabi/12.2.1/thumb/v6-m/nofp\libgcc.a(_aeabi_uldivmod.o)
__aeabi_uidiv                                     c:/program files (x86)/arm gnu toolchain arm-none-eabi/12.2 rel1/bin/../lib/gcc/arm-none-eabi/12.2.1/thumb/v6-m/nofp\libgcc.a(_udivsi3.o)
                                                  build/system_stm32u0xx.o
                                                  build/stm32u0xx_hal_uart.o
                                                  build/stm32u0xx_hal_spi.o
                                                  build/stm32u0xx_hal.o
                                                  build/stm32u0xx_hal_pwr_ex.o
                                                  build/stm32u0xx_hal_dma.o
                                                  build/stm32u0xx_hal_rcc_ex.o
                                                  build/stm32u0xx_hal_rcc.o
__aeabi_uidivmod                                  c:/program files (x86)/arm gnu toolchain arm-none-eabi/12.2 rel1/bin/../lib/gcc/arm-none-eabi/12.2.1/thumb/v6-m/nofp\libgcc.a(_udivsi3.o)
__aeabi_uldivmod                                  c:/program files (x86)/arm gnu toolchain arm-none-eabi/12.2 rel1/bin/../lib/gcc/arm-none-eabi/12.2.1/thumb/v6-m/nofp\libgcc.a(_aeabi_uldivmod.o)
                                                  build/stm32u0xx_hal_uart.o
__bss_end__                                       c:/program files (x86)/arm gnu toolchain arm-none-eabi/12.2 rel1/bin/../lib/gcc/arm-none-eabi/12.2.1/thumb/v6-m/nofp/crt0.o
__bss_start__                                     c:/program files (x86)/arm gnu toolchain arm-none-eabi/12.2 rel1/bin/../lib/gcc/arm-none-eabi/12.2.1/thumb/v6-m/nofp/crt0.o
__call_exitprocs                                  c:/program files (x86)/arm gnu toolchain arm-none-eabi/12.2 rel1/bin/../lib/gcc/arm-none-eabi/12.2.1/thumb/v6-m/nofp\libc_nano.a(libc_a-exit.o)
__clzdi2                                          c:/program files (x86)/arm gnu toolchain arm-none-eabi/12.2 rel1/bin/../lib/gcc/arm-none-eabi/12.2.1/thumb/v6-m/nofp\libgcc.a(_clzdi2.o)
                                                  c:/program files (x86)/arm gnu toolchain arm-none-eabi/12.2 rel1/bin/../lib/gcc/arm-none-eabi/12.2.1/thumb/v6-m/nofp\libgcc.a(_udivmoddi4.o)
__clzsi2                                          c:/program files (x86)/arm gnu toolchain arm-none-eabi/12.2 rel1/bin/../lib/gcc/arm-none-eabi/12.2.1/thumb/v6-m/nofp\libgcc.a(_clzsi2.o)
                                                  c:/program files (x86)/arm gnu toolchain arm-none-eabi/12.2 rel1/bin/../lib/gcc/arm-none-eabi/12.2.1/thumb/v6-m/nofp\libgcc.a(_clzdi2.o)
__deregister_frame_info                           c:/program files (x86)/arm gnu toolchain arm-none-eabi/12.2 rel1/bin/../lib/gcc/arm-none-eabi/12.2.1/thumb/v6-m/nofp/crtbegin.o
__divsi3                                          c:/program files (x86)/arm gnu toolchain arm-none-eabi/12.2 rel1/bin/../lib/gcc/arm-none-eabi/12.2.1/thumb/v6-m/nofp\libgcc.a(_divsi3.o)
__dso_handle                                      c:/program files (x86)/arm gnu toolchain arm-none-eabi/12.2 rel1/bin/../lib/gcc/arm-none-eabi/12.2.1/thumb/v6-m/nofp/crtbegin.o
__env                                             build/syscalls.o
__errno                                           c:/program files (x86)/arm gnu toolchain arm-none-eabi/12.2 rel1/bin/../lib/gcc/arm-none-eabi/12.2.1/thumb/v6-m/nofp\libc_nano.a(libc_a-errno.o)
                                                  build/syscalls.o
                                                  build/sysmem.o
__fp_lock_all                                     c:/program files (x86)/arm gnu toolchain arm-none-eabi/12.2 rel1/bin/../lib/gcc/arm-none-eabi/12.2.1/thumb/v6-m/nofp\libc_nano.a(libc_a-findfp.o)
__fp_unlock_all                                   c:/program files (x86)/arm gnu toolchain arm-none-eabi/12.2 rel1/bin/../lib/gcc/arm-none-eabi/12.2.1/thumb/v6-m/nofp\libc_nano.a(libc_a-findfp.o)
__init_array_end                                  c:/program files (x86)/arm gnu toolchain arm-none-eabi/12.2 rel1/bin/../lib/gcc/arm-none-eabi/12.2.1/thumb/v6-m/nofp\libc_nano.a(libc_a-init.o)
__init_array_start                                c:/program files (x86)/arm gnu toolchain arm-none-eabi/12.2 rel1/bin/../lib/gcc/arm-none-eabi/12.2.1/thumb/v6-m/nofp\libc_nano.a(libc_a-init.o)
__io_getchar                                      build/syscalls.o
__io_putchar                                      build/syscalls.o
__libc_fini_array                                 c:/program files (x86)/arm gnu toolchain arm-none-eabi/12.2 rel1/bin/../lib/gcc/arm-none-eabi/12.2.1/thumb/v6-m/nofp/crt0.o
__libc_init_array                                 c:/program files (x86)/arm gnu toolchain arm-none-eabi/12.2 rel1/bin/../lib/gcc/arm-none-eabi/12.2.1/thumb/v6-m/nofp\libc_nano.a(libc_a-init.o)
                                                  build/startup_stm32u083xx.o
                                                  c:/program files (x86)/arm gnu toolchain arm-none-eabi/12.2 rel1/bin/../lib/gcc/arm-none-eabi/12.2.1/thumb/v6-m/nofp/crt0.o
__lock___arc4random_mutex                         c:/program files (x86)/arm gnu toolchain arm-none-eabi/12.2 rel1/bin/../lib/gcc/arm-none-eabi/12.2.1/thumb/v6-m/nofp\libc_nano.a(libc_a-lock.o)
__lock___at_quick_exit_mutex                      c:/program files (x86)/arm gnu toolchain arm-none-eabi/12.2 rel1/bin/../lib/gcc/arm-none-eabi/12.2.1/thumb/v6-m/nofp\libc_nano.a(libc_a-lock.o)
__lock___atexit_recursive_mutex                   c:/program files (x86)/arm gnu toolchain arm-none-eabi/12.2 rel1/bin/../lib/gcc/arm-none-eabi/12.2.1/thumb/v6-m/nofp\libc_nano.a(libc_a-lock.o)
__lock___dd_hash_mutex                            c:/program files (x86)/arm gnu toolchain arm-none-eabi/12.2 rel1/bin/../lib/gcc/arm-none-eabi/12.2.1/thumb/v6-m/nofp\libc_nano.a(libc_a-lock.o)
__lock___env_recursive_mutex                      c:/program files (x86)/arm gnu toolchain arm-none-eabi/12.2 rel1/bin/../lib/gcc/arm-none-eabi/12.2.1/thumb/v6-m/nofp\libc_nano.a(libc_a-lock.o)
__lock___malloc_recursive_mutex                   c:/program files (x86)/arm gnu toolchain arm-none-eabi/12.2 rel1/bin/../lib/gcc/arm-none-eabi/12.2.1/thumb/v6-m/nofp\libc_nano.a(libc_a-lock.o)
                                                  c:/program files (x86)/arm gnu toolchain arm-none-eabi/12.2 rel1/bin/../lib/gcc/arm-none-eabi/12.2.1/thumb/v6-m/nofp\libc_nano.a(libc_a-mlock.o)
__lock___sfp_recursive_mutex                      c:/program files (x86)/arm gnu toolchain arm-none-eabi/12.2 rel1/bin/../lib/gcc/arm-none-eabi/12.2.1/thumb/v6-m/nofp\libc_nano.a(libc_a-lock.o)
                                                  c:/program files (x86)/arm gnu toolchain arm-none-eabi/12.2 rel1/bin/../lib/gcc/arm-none-eabi/12.2.1/thumb/v6-m/nofp\libc_nano.a(libc_a-findfp.o)